Archive member included because of file (symbol)

C:/Freescale/CW MCU v10.5/MCU/ARM_GCC_Support/ewl/lib/armv7e-m\libc.a(alloc.o)
                              ./Generated_Code/usb_dci.o (malloc)
C:/Freescale/CW MCU v10.5/MCU/ARM_GCC_Support/ewl/lib/armv7e-m\libc.a(exit.o)
                              ./Project_Settings/Startup_Code/__arm_start.o (exit)
C:/Freescale/CW MCU v10.5/MCU/ARM_GCC_Support/ewl/lib/armv7e-m\libc.a(memcpy.o)
                              ./Generated_Code/usb_framework.o (memcpy)
C:/Freescale/CW MCU v10.5/MCU/ARM_GCC_Support/ewl/lib/armv7e-m\libc.a(memset.o)
                              ./Generated_Code/usb_dci.o (memset)
C:/Freescale/CW MCU v10.5/MCU/ARM_GCC_Support/ewl/lib/armv7e-m\libc.a(printformat_.o)
                              (__pformatter_)
C:/Freescale/CW MCU v10.5/MCU/ARM_GCC_Support/ewl/lib/armv7e-m\libc.a(scanformat_.o)
                              (__sformatter)
C:/Freescale/CW MCU v10.5/MCU/ARM_GCC_Support/ewl/lib/armv7e-m\libc.a(ctype_aeabi.o)
                              C:/Freescale/CW MCU v10.5/MCU/ARM_GCC_Support/ewl/lib/armv7e-m\libc.a(scanformat_.o) (isspace)
C:/Freescale/CW MCU v10.5/MCU/ARM_GCC_Support/ewl/lib/armv7e-m\libc.a(__strtoul.o)
                              C:/Freescale/CW MCU v10.5/MCU/ARM_GCC_Support/ewl/lib/armv7e-m\libc.a(scanformat_.o) (__strtoul)
C:/Freescale/CW MCU v10.5/MCU/ARM_GCC_Support/ewl/lib/armv7e-m\libc.a(__filll_mem.o)
                              C:/Freescale/CW MCU v10.5/MCU/ARM_GCC_Support/ewl/lib/armv7e-m\libc.a(memset.o) (__fill_mem)
C:/Freescale/CW MCU v10.5/MCU/ARM_GCC_Support/ewl/lib/armv7e-m\libc.a(memchr.o)
                              C:/Freescale/CW MCU v10.5/MCU/ARM_GCC_Support/ewl/lib/armv7e-m\libc.a(printformat_.o) (memchr)
C:/Freescale/CW MCU v10.5/MCU/ARM_GCC_Support/ewl/lib/armv7e-m\libc.a(strchr.o)
                              C:/Freescale/CW MCU v10.5/MCU/ARM_GCC_Support/ewl/lib/armv7e-m\libc.a(printformat_.o) (strchr)
C:/Freescale/CW MCU v10.5/MCU/ARM_GCC_Support/ewl/lib/armv7e-m\libc.a(strlen.o)
                              C:/Freescale/CW MCU v10.5/MCU/ARM_GCC_Support/ewl/lib/armv7e-m\libc.a(printformat_.o) (strlen)
C:/Freescale/CW MCU v10.5/MCU/ARM_GCC_Support/ewl/lib/armv7e-m\librt.a(gcc_ctor_dtor.o)
                              ./Project_Settings/Startup_Code/__arm_start.o (__init_cpp)
C:/Freescale/CW MCU v10.5/MCU/ARM_GCC_Support/ewl/lib/armv7e-m\librt.a(ROMCopy.o)
                              ./Project_Settings/Startup_Code/__arm_start.o (__copy_rom_sections_to_ram)
C:/Freescale/CW MCU v10.5/MCU/ARM_GCC_Support/ewl/lib/armv7e-m\librt.a(__arm_eabi_init.o)
                              C:/Freescale/CW MCU v10.5/MCU/ARM_GCC_Support/ewl/lib/armv7e-m\libc.a(exit.o) (__destroy_global_chain)

Allocating common symbols
Common symbol       size              file

InBuffer            0x20              ./Sources/Main_App.o
AD2_OutV            0x14              ./Generated_Code/AD2.o
irWaveLength        0x1               ./Sources/SensorMeasurement.o
SwCounterObjArray   0x6               ./Sources/SoftwareTimers.o
testComplete        0x1               ./Sources/SensorMeasurement.o
configBuffer        0x20              ./Sources/Main_App.o
AdcLdd2_DeviceDataPtr
                    0x4               ./Generated_Code/AD2.o
AD1_OutV            0x14              ./Generated_Code/AD1.o
g_dci_controller_Id
                    0x1               ./Generated_Code/usb_dci.o
USBDevDataPtr       0x4               ./Generated_Code/usb_dci.o
SwTimerObjArray     0xa0              ./Sources/SoftwareTimers.o
pSDP                0x8               ./Generated_Code/usb_dci.o
ad2MeasurementComplete
                    0x1               ./Sources/SensorMeasurement.o
EPDataTDPtr         0x168             ./Generated_Code/usb_dci.o
AdcLdd1_DeviceDataPtr
                    0x4               ./Generated_Code/AD1.o
OutBuffer           0x80              ./Sources/Main_App.o
AD2_EnEvent         0x1               ./Generated_Code/AD2.o
OutSize             0x1               ./Sources/Main_App.o
ad1MeasurementComplete
                    0x1               ./Sources/NirsConfig.o
timerHandle         0x4               ./Sources/SensorMeasurement.o
InSize              0x1               ./Sources/Main_App.o
SR_reg              0x1               ./Generated_Code/Cpu.o
configDataFlag      0x1               ./Sources/Main_App.o
measurementResults  0x3c              ./Sources/SensorMeasurement.o
ad2Values           0x14              ./Sources/SensorMeasurement.o
timerData           0x4               ./Sources/SensorMeasurement.o
ad1Values           0x14              ./Sources/NirsConfig.o
measuredValue       0x2               ./Sources/Events.o

Discarded input sections

 .text          0x00000000        0x0 ./Generated_Code/wait_timer.o
 .data          0x00000000        0x0 ./Generated_Code/wait_timer.o
 .bss           0x00000000        0x0 ./Generated_Code/wait_timer.o
[...]
Memory Configuration

Name             Origin             Length             Attributes
m_interrupts     0x1fff0000         0x000001e0         xr
m_text           0x20000000         0x00010000         xr
m_data           0x1fff01e0         0x0000fe20         rw
m_cfmprotrom     0x00000400         0x00000010         xr
*default*        0x00000000         0xffffffff

Linker script and memory map

LOAD ./Generated_Code/wait_timer.o
LOAD ./Generated_Code/usb_framework.o
LOAD ./Generated_Code/usb_driver.o
LOAD ./Generated_Code/usb_device.o
LOAD ./Generated_Code/usb_descriptor.o
LOAD ./Generated_Code/usb_dci.o
LOAD ./Generated_Code/usb_class.o
LOAD ./Generated_Code/usb_cdc_pstn.o
LOAD ./Generated_Code/usb_cdc.o
LOAD ./Generated_Code/Vectors.o
LOAD ./Generated_Code/VREF.o
LOAD ./Generated_Code/USB_LDD.o
LOAD ./Generated_Code/PE_LDD.o
LOAD ./Generated_Code/PDB0.o
LOAD ./Generated_Code/Led_Select.o
LOAD ./Generated_Code/INT_FTM0.o
LOAD ./Generated_Code/Cpu.o
LOAD ./Generated_Code/BitIoLdd1.o
LOAD ./Generated_Code/AdcLdd2.o
LOAD ./Generated_Code/AdcLdd1.o
LOAD ./Generated_Code/AD2.o
LOAD ./Generated_Code/AD1.o
LOAD ./Project_Settings/Startup_Code/__arm_start.o
LOAD ./Project_Settings/Startup_Code/__arm_end.o
LOAD ./Sources/Timers.o
LOAD ./Sources/SoftwareTimers.o
LOAD ./Sources/SensorMeasurement.o
LOAD ./Sources/ProcessorExpert.o
LOAD ./Sources/NirsConfig.o
LOAD ./Sources/Main_App.o
LOAD ./Sources/Events.o
                0x20008608                __pformatter = __pformatter_
                [0x20008a00]                __sformatter = __sformatter
START GROUP
LOAD C:/Freescale/CW MCU v10.5/MCU/ARM_GCC_Support/ewl/lib/armv7e-m\libc.a
LOAD C:/Freescale/CW MCU v10.5/MCU/ARM_GCC_Support/ewl/lib/armv7e-m\libm.a
LOAD c:/freescale/cw mcu v10.5/cross_tools/arm-none-eabi-gcc-4_7_3/bin/../lib/gcc/arm-none-eabi/4.7.3/armv7e-m\libgcc.a
LOAD C:/Freescale/CW MCU v10.5/MCU/ARM_GCC_Support/ewl/lib/armv7e-m\librt.a
LOAD C:/Freescale/CW MCU v10.5/MCU/ARM_GCC_Support/ewl/lib/armv7e-m\libuart.a
END GROUP
                0x20000000                _estack = 0x20000000
                0x20000000                __SP_INIT = _estack
                0x00000000                __heap_size = 0x0
                0x00000400                __stack_size = 0x400

.interrupts     0x1fff0000      0x1e0
                0x1fff0000                __vector_table = .
                0x1fff0000                . = ALIGN (0x4)
 *(.vectortable)
 .vectortable   0x1fff0000      0x1e0 ./Generated_Code/Vectors.o
                0x1fff0000                __vect_table
                0x1fff01e0                . = ALIGN (0x4)

.cfmprotect     0x00000400        0x0
                0x00000400                . = ALIGN (0x4)
 *(.cfmconfig)
                0x00000400                . = ALIGN (0x4)

.text           0x20000000     0x9800
                0x20000000                . = ALIGN (0x4)
 *(.text)
 *(.text*)
 .text.USB_Framework_Init
                0x20000000       0x50 ./Generated_Code/usb_framework.o
                0x20000000                USB_Framework_Init
 .text.USB_Control_Service
                0x20000050      0x21c ./Generated_Code/usb_framework.o
 .text.USB_Control_Service_Handler
                0x2000026c       0x84 ./Generated_Code/usb_framework.o
 .text.USB_Strd_Req_Get_Status
                0x200002f0      0x108 ./Generated_Code/usb_framework.o
 .text.USB_Strd_Req_Feature
                0x200003f8      0x1b0 ./Generated_Code/usb_framework.o
 .text.USB_Strd_Req_Assign_Address
                0x200005a8       0x5c ./Generated_Code/usb_framework.o
 .text.USB_Strd_Req_Get_Config
                0x20000604       0x5c ./Generated_Code/usb_framework.o
 .text.USB_Strd_Req_Set_Config
                0x20000660       0xb8 ./Generated_Code/usb_framework.o
 .text.USB_Strd_Req_Get_Interface
                0x20000718       0x4c ./Generated_Code/usb_framework.o
 .text.USB_Strd_Req_Set_Interface
                0x20000764       0x54 ./Generated_Code/usb_framework.o
 .text.USB_Strd_Req_Sync_Frame
                0x200007b8       0x4c ./Generated_Code/usb_framework.o
 .text.USB_Strd_Req_Get_Descriptor
                0x20000804       0x60 ./Generated_Code/usb_framework.o
 .text.USB_Strd_Req_Set_Address
                0x20000864       0x48 ./Generated_Code/usb_framework.o
 .text.USB_Device_Init_Params
                0x200008ac       0x74 ./Generated_Code/usb_driver.o
 .text._usb_device_init
                0x20000920       0x60 ./Generated_Code/usb_driver.o
                0x20000920                _usb_device_init
 .text._usb_device_init_endpoint
                0x20000980       0x8c ./Generated_Code/usb_driver.o
                0x20000980                _usb_device_init_endpoint
 .text._usb_device_deinit_endpoint
                0x20000a0c       0x84 ./Generated_Code/usb_driver.o
                0x20000a0c                _usb_device_deinit_endpoint
 .text._usb_device_get_status
                0x20000a90       0x74 ./Generated_Code/usb_driver.o
                0x20000a90                _usb_device_get_status
 .text._usb_device_set_status
                0x20000b04       0xd8 ./Generated_Code/usb_driver.o
                0x20000b04                _usb_device_set_status
 .text._usb_device_register_service
                0x20000bdc       0x5c ./Generated_Code/usb_driver.o
                0x20000bdc                _usb_device_register_service
 .text.USB_Device_Call_Service
                0x20000c38       0x48 ./Generated_Code/usb_driver.o
                0x20000c38                USB_Device_Call_Service
 .text.USB_LDD_OnDeviceReset
                0x20000c80       0x14 ./Generated_Code/usb_device.o
                0x20000c80                USB_LDD_OnDeviceReset
 .text.USB_LDD_OnDeviceSpeedDetect
                0x20000c94       0x20 ./Generated_Code/usb_device.o
                0x20000c94                USB_LDD_OnDeviceSpeedDetect
 .text.USB_LDD_OnDeviceSuspend
                0x20000cb4       0x18 ./Generated_Code/usb_device.o
                0x20000cb4                USB_LDD_OnDeviceSuspend
 .text.USB_LDD_OnDeviceResume
                0x20000ccc       0x18 ./Generated_Code/usb_device.o
                0x20000ccc                USB_LDD_OnDeviceResume
 .text.USB_LDD_OnDeviceSetupPacket
                0x20000ce4       0x20 ./Generated_Code/usb_device.o
                0x20000ce4                USB_LDD_OnDeviceSetupPacket
 .text.USB_LDD_OnDeviceSof
                0x20000d04       0x18 ./Generated_Code/usb_device.o
                0x20000d04                USB_LDD_OnDeviceSof
 .text.USB_LDD_OnDeviceError
                0x20000d1c       0x28 ./Generated_Code/usb_device.o
                0x20000d1c                USB_LDD_OnDeviceError
 .text.USB_LDD_OnDevice1msTimer
                0x20000d44       0x14 ./Generated_Code/usb_device.o
                0x20000d44                USB_LDD_OnDevice1msTimer
 .text.USB_Desc_Get_Descriptor
                0x20000d58      0x134 ./Generated_Code/usb_descriptor.o
                0x20000d58                USB_Desc_Get_Descriptor
 .text.USB_Desc_Get_Interface
                0x20000e8c       0x3c ./Generated_Code/usb_descriptor.o
                0x20000e8c                USB_Desc_Get_Interface
 .text.USB_Desc_Valid_Configation
                0x20000ec8       0x4c ./Generated_Code/usb_descriptor.o
                0x20000ec8                USB_Desc_Valid_Configation
 .text.USB_Desc_Remote_Wakeup
                0x20000f14       0x1c ./Generated_Code/usb_descriptor.o
                0x20000f14                USB_Desc_Remote_Wakeup
 .text.USB_Desc_Get_Endpoints
                0x20000f30       0x20 ./Generated_Code/usb_descriptor.o
                0x20000f30                USB_Desc_Get_Endpoints
 .text.USB_Desc_Set_Interface
                0x20000f50       0x3c ./Generated_Code/usb_descriptor.o
                0x20000f50                USB_Desc_Set_Interface
 .text.USB_Desc_Get_Line_Coding
                0x20000f8c       0x44 ./Generated_Code/usb_descriptor.o
                0x20000f8c                USB_Desc_Get_Line_Coding
 .text.USB_Desc_Set_Line_Coding
                0x20000fd0       0x6c ./Generated_Code/usb_descriptor.o
                0x20000fd0                USB_Desc_Set_Line_Coding
 .text.USB_Desc_Get_Abstract_State
                0x2000103c       0x40 ./Generated_Code/usb_descriptor.o
                0x2000103c                USB_Desc_Get_Abstract_State
 .text.USB_Desc_Get_Country_Setting
                0x2000107c       0x40 ./Generated_Code/usb_descriptor.o
                0x2000107c                USB_Desc_Get_Country_Setting
 .text.USB_Desc_Set_Abstract_State
                0x200010bc       0x64 ./Generated_Code/usb_descriptor.o
                0x200010bc                USB_Desc_Set_Abstract_State
 .text.USB_Desc_Set_Country_Setting
                0x20001120       0x64 ./Generated_Code/usb_descriptor.o
                0x20001120                USB_Desc_Set_Country_Setting
 .text.USB_DCI_CallBack
                0x20001184       0x54 ./Generated_Code/usb_dci.o
 .text.USB_DCI_SetAddressCallback
                0x200011d8       0x28 ./Generated_Code/usb_dci.o
 .text.USB_DCI_Get_BDT_Index
                0x20001200       0x48 ./Generated_Code/usb_dci.o
 .text.USB_DCI_Validate_Param
                0x20001248       0x5c ./Generated_Code/usb_dci.o
 .text.USB_DCI_OnDeviceSpeedDetect
                0x200012a4       0x4c ./Generated_Code/usb_dci.o
                0x200012a4                USB_DCI_OnDeviceSpeedDetect
 .text.USB_DCI_OnDeviceSuspend
                0x200012f0       0x48 ./Generated_Code/usb_dci.o
                0x200012f0                USB_DCI_OnDeviceSuspend
 .text.USB_DCI_OnDeviceResume
                0x20001338       0x48 ./Generated_Code/usb_dci.o
                0x20001338                USB_DCI_OnDeviceResume
 .text.USB_DCI_OnDeviceSetupPacket
                0x20001380      0x184 ./Generated_Code/usb_dci.o
                0x20001380                USB_DCI_OnDeviceSetupPacket
 .text.USB_DCI_OnDeviceError
                0x20001504       0x50 ./Generated_Code/usb_dci.o
                0x20001504                USB_DCI_OnDeviceError
 .text.USB_DCI_Init
                0x20001554       0x48 ./Generated_Code/usb_dci.o
                0x20001554                USB_DCI_Init
 .text.USB_DCI_Init_EndPoint
                0x2000159c      0x214 ./Generated_Code/usb_dci.o
                0x2000159c                USB_DCI_Init_EndPoint
 .text.USB_DCI_Deinit_EndPoint
                0x200017b0       0x8c ./Generated_Code/usb_dci.o
                0x200017b0                USB_DCI_Deinit_EndPoint
 .text._usb_device_stall_endpoint
                0x2000183c       0x38 ./Generated_Code/usb_dci.o
                0x2000183c                _usb_device_stall_endpoint
 .text._usb_device_unstall_endpoint
                0x20001874       0x38 ./Generated_Code/usb_dci.o
                0x20001874                _usb_device_unstall_endpoint
 .text._usb_device_recv_data
                0x200018ac      0x210 ./Generated_Code/usb_dci.o
                0x200018ac                _usb_device_recv_data
 .text._usb_device_send_data
                0x20001abc       0xd8 ./Generated_Code/usb_dci.o
                0x20001abc                _usb_device_send_data
 .text._usb_device_set_address
                0x20001b94       0x28 ./Generated_Code/usb_dci.o
                0x20001b94                _usb_device_set_address
 .text._usb_device_assert_resume
                0x20001bbc       0x20 ./Generated_Code/usb_dci.o
                0x20001bbc                _usb_device_assert_resume
 .text.Clear_Mem
                0x20001bdc       0x24 ./Generated_Code/usb_dci.o
                0x20001bdc                Clear_Mem
 .text.USB_Suspend_Service
                0x20001c00       0x38 ./Generated_Code/usb_class.o
 .text.USB_Resume_Service
                0x20001c38       0x40 ./Generated_Code/usb_class.o
 .text.USB_Stall_Service
                0x20001c78       0x3c ./Generated_Code/usb_class.o
 .text.USB_Sof_Service
                0x20001cb4       0x44 ./Generated_Code/usb_class.o
 .text.USB_Reset_Service
                0x20001cf8       0xe0 ./Generated_Code/usb_class.o
 .text.USB_Error_Service
                0x20001dd8       0x30 ./Generated_Code/usb_class.o
 .text.USB_Class_Init
                0x20001e08      0x110 ./Generated_Code/usb_class.o
                0x20001e08                USB_Class_Init
 .text.USB_Class_Send_Data
                0x20001f18       0xac ./Generated_Code/usb_class.o
                0x20001f18                USB_Class_Send_Data
 .text.USB_Class_CDC_Pstn_Init
                0x20001fc4       0x2c ./Generated_Code/usb_cdc_pstn.o
                0x20001fc4                USB_Class_CDC_Pstn_Init
 .text.USB_Class_CDC_PSTN_Get_Line_Coding
                0x20001ff0       0x48 ./Generated_Code/usb_cdc_pstn.o
                0x20001ff0                USB_Class_CDC_PSTN_Get_Line_Coding
 .text.USB_Class_CDC_PSTN_Set_Line_Coding
                0x20002038       0x54 ./Generated_Code/usb_cdc_pstn.o
                0x20002038                USB_Class_CDC_PSTN_Set_Line_Coding
 .text.USB_Class_CDC_PSTN_Set_Ctrl_Line_State
                0x2000208c      0x108 ./Generated_Code/usb_cdc_pstn.o
                0x2000208c                USB_Class_CDC_PSTN_Set_Ctrl_Line_State
 .text.USB_Class_CDC_PSTN_Send_Break
                0x20002194       0x38 ./Generated_Code/usb_cdc_pstn.o
                0x20002194                USB_Class_CDC_PSTN_Send_Break
 .text.USB_Class_CDC_PSTN_Get_Comm_Feature
                0x200021cc       0x8c ./Generated_Code/usb_cdc_pstn.o
                0x200021cc                USB_Class_CDC_PSTN_Get_Comm_Feature
 .text.USB_Class_CDC_PSTN_Set_Comm_Feature
                0x20002258       0x8c ./Generated_Code/usb_cdc_pstn.o
                0x20002258                USB_Class_CDC_PSTN_Set_Comm_Feature
 .text.USB_Class_CDC_PSTN_Send_Serial_State
                0x200022e4       0x54 ./Generated_Code/usb_cdc_pstn.o
                0x200022e4                USB_Class_CDC_PSTN_Send_Serial_State
 .text.USB_Class_CDC_Service_Cic_Notify
                0x20002338       0x4c ./Generated_Code/usb_cdc.o
 .text.USB_Class_CDC_Service_Dic_Bulk_In
                0x20002384       0x60 ./Generated_Code/usb_cdc.o
 .text.USB_Class_CDC_Service_Dic_Bulk_Out
                0x200023e4       0x6c ./Generated_Code/usb_cdc.o
 .text.USB_Class_CDC_Event
                0x20002450      0x168 ./Generated_Code/usb_cdc.o
 .text.USB_Other_Requests
                0x200025b8      0x1e0 ./Generated_Code/usb_cdc.o
 .text.USB_Class_CDC_Init
                0x20002798       0x90 ./Generated_Code/usb_cdc.o
                0x20002798                USB_Class_CDC_Init
 .text.USB_Class_CDC_Send_Data
                0x20002828       0x38 ./Generated_Code/usb_cdc.o
                0x20002828                USB_Class_CDC_Send_Data
 .text.VREF_Init
                0x20002860       0x40 ./Generated_Code/VREF.o
                0x20002860                VREF_Init
 .text.USB_LDD_UsbLock
                0x200028a0       0x50 ./Generated_Code/USB_LDD.o
 .text.USB_LDD_UsbUnlock
                0x200028f0       0x50 ./Generated_Code/USB_LDD.o
 .text.USB_LDD_StartTimer
                0x20002940       0x38 ./Generated_Code/USB_LDD.o
 .text.USB_LDD_DeviceQueueDataPacket
                0x20002978       0x90 ./Generated_Code/USB_LDD.o
 .text.USB_LDD_DeviceReceiveSetupPacket
                0x20002a08       0x40 ./Generated_Code/USB_LDD.o
 .text.USB_LDD_DeviceQueueTransfer
                0x20002a48      0x200 ./Generated_Code/USB_LDD.o
 .text.USB_LDD_DeviceDataPacketDone
                0x20002c48       0xc0 ./Generated_Code/USB_LDD.o
 .text.USB_LDD_DeviceAbortAllTransfers
                0x20002d08       0xcc ./Generated_Code/USB_LDD.o
 .text.USB_LDD_DeviceDisableAllEp
                0x20002dd4      0x1f4 ./Generated_Code/USB_LDD.o
 .text.USB_LDD_Init
                0x20002fc8      0x1bc ./Generated_Code/USB_LDD.o
                0x20002fc8                USB_LDD_Init
 .text.USB_LDD_Enable
                0x20003184      0x118 ./Generated_Code/USB_LDD.o
                0x20003184                USB_LDD_Enable
 .text.USB_LDD_DeviceSetAddress
                0x2000329c       0x34 ./Generated_Code/USB_LDD.o
                0x2000329c                USB_LDD_DeviceSetAddress
 .text.USB_LDD_DeviceAssertResume
                0x200032d0       0x84 ./Generated_Code/USB_LDD.o
                0x200032d0                USB_LDD_DeviceAssertResume
 .text.USB_LDD_DeviceInitEndpoint
                0x20003354      0x328 ./Generated_Code/USB_LDD.o
                0x20003354                USB_LDD_DeviceInitEndpoint
 .text.USB_LDD_DeviceDeinitEndpoint
                0x2000367c      0x164 ./Generated_Code/USB_LDD.o
                0x2000367c                USB_LDD_DeviceDeinitEndpoint
 .text.USB_LDD_DeviceStallEndpoint
                0x200037e0       0xdc ./Generated_Code/USB_LDD.o
                0x200037e0                USB_LDD_DeviceStallEndpoint
 .text.USB_LDD_DeviceUnstallEndpoint
                0x200038bc       0xa4 ./Generated_Code/USB_LDD.o
                0x200038bc                USB_LDD_DeviceUnstallEndpoint
 .text.USB_LDD_DeviceReadSetupData
                0x20003960       0x90 ./Generated_Code/USB_LDD.o
                0x20003960                USB_LDD_DeviceReadSetupData
 .text.USB_LDD_DeviceSendData
                0x200039f0       0x24 ./Generated_Code/USB_LDD.o
                0x200039f0                USB_LDD_DeviceSendData
 .text.USB_LDD_DeviceRecvData
                0x20003a14       0x24 ./Generated_Code/USB_LDD.o
                0x20003a14                USB_LDD_DeviceRecvData
 .text.USB_LDD_DeviceIsr
                0x20003a38      0x4a0 ./Generated_Code/USB_LDD.o
 .text.USB_LDD_USB_Interrupt
                0x20003ed8       0xb8 ./Generated_Code/USB_LDD.o
                0x20003ed8                USB_LDD_USB_Interrupt
 .text.PE_FillMemory
                0x20003f90       0x30 ./Generated_Code/PE_LDD.o
                0x20003f90                PE_FillMemory
 .text.PDB0_Init
                0x20003fc0      0x1b8 ./Generated_Code/PDB0.o
                0x20003fc0                PDB0_Init
 .text.Cpu_INT_NMIInterrupt
                0x20004178       0x1c ./Generated_Code/Cpu.o
                0x20004178                Cpu_INT_NMIInterrupt
 .text.Cpu_ivINT_Hard_Fault
                0x20004194       0x18 ./Generated_Code/Cpu.o
                0x20004194                Cpu_ivINT_Hard_Fault
 .text.Cpu_ivINT_Mem_Manage_Fault
                0x200041ac       0x18 ./Generated_Code/Cpu.o
                0x200041ac                Cpu_ivINT_Mem_Manage_Fault
 .text.Cpu_ivINT_Bus_Fault
                0x200041c4       0x18 ./Generated_Code/Cpu.o
                0x200041c4                Cpu_ivINT_Bus_Fault
 .text.Cpu_ivINT_Usage_Fault
                0x200041dc       0x18 ./Generated_Code/Cpu.o
                0x200041dc                Cpu_ivINT_Usage_Fault
 .text.Cpu_ivINT_Reserved7
                0x200041f4       0x18 ./Generated_Code/Cpu.o
                0x200041f4                Cpu_ivINT_Reserved7
 .text.Cpu_ivINT_Reserved8
                0x2000420c       0x18 ./Generated_Code/Cpu.o
                0x2000420c                Cpu_ivINT_Reserved8
 .text.Cpu_ivINT_Reserved9
                0x20004224       0x18 ./Generated_Code/Cpu.o
                0x20004224                Cpu_ivINT_Reserved9
 .text.Cpu_ivINT_Reserved10
                0x2000423c       0x18 ./Generated_Code/Cpu.o
                0x2000423c                Cpu_ivINT_Reserved10
 .text.Cpu_ivINT_SVCall
                0x20004254       0x18 ./Generated_Code/Cpu.o
                0x20004254                Cpu_ivINT_SVCall
 .text.Cpu_ivINT_DebugMonitor
                0x2000426c       0x18 ./Generated_Code/Cpu.o
                0x2000426c                Cpu_ivINT_DebugMonitor
 .text.Cpu_ivINT_Reserved13
                0x20004284       0x18 ./Generated_Code/Cpu.o
                0x20004284                Cpu_ivINT_Reserved13
 .text.Cpu_ivINT_PendableSrvReq
                0x2000429c       0x18 ./Generated_Code/Cpu.o
                0x2000429c                Cpu_ivINT_PendableSrvReq
 .text.Cpu_ivINT_SysTick
                0x200042b4       0x18 ./Generated_Code/Cpu.o
                0x200042b4                Cpu_ivINT_SysTick
 .text.Cpu_ivINT_DMA0
                0x200042cc       0x18 ./Generated_Code/Cpu.o
                0x200042cc                Cpu_ivINT_DMA0
 .text.Cpu_ivINT_DMA1
                0x200042e4       0x18 ./Generated_Code/Cpu.o
                0x200042e4                Cpu_ivINT_DMA1
 .text.Cpu_ivINT_DMA2
                0x200042fc       0x18 ./Generated_Code/Cpu.o
                0x200042fc                Cpu_ivINT_DMA2
 .text.Cpu_ivINT_DMA3
                0x20004314       0x18 ./Generated_Code/Cpu.o
                0x20004314                Cpu_ivINT_DMA3
 .text.Cpu_ivINT_DMA4
                0x2000432c       0x18 ./Generated_Code/Cpu.o
                0x2000432c                Cpu_ivINT_DMA4
 .text.Cpu_ivINT_DMA5
                0x20004344       0x18 ./Generated_Code/Cpu.o
                0x20004344                Cpu_ivINT_DMA5
 .text.Cpu_ivINT_DMA6
                0x2000435c       0x18 ./Generated_Code/Cpu.o
                0x2000435c                Cpu_ivINT_DMA6
 .text.Cpu_ivINT_DMA7
                0x20004374       0x18 ./Generated_Code/Cpu.o
                0x20004374                Cpu_ivINT_DMA7
 .text.Cpu_ivINT_DMA8
                0x2000438c       0x18 ./Generated_Code/Cpu.o
                0x2000438c                Cpu_ivINT_DMA8
 .text.Cpu_ivINT_DMA9
                0x200043a4       0x18 ./Generated_Code/Cpu.o
                0x200043a4                Cpu_ivINT_DMA9
 .text.Cpu_ivINT_DMA10
                0x200043bc       0x18 ./Generated_Code/Cpu.o
                0x200043bc                Cpu_ivINT_DMA10
 .text.Cpu_ivINT_DMA11
                0x200043d4       0x18 ./Generated_Code/Cpu.o
                0x200043d4                Cpu_ivINT_DMA11
 .text.Cpu_ivINT_DMA12
                0x200043ec       0x18 ./Generated_Code/Cpu.o
                0x200043ec                Cpu_ivINT_DMA12
 .text.Cpu_ivINT_DMA13
                0x20004404       0x18 ./Generated_Code/Cpu.o
                0x20004404                Cpu_ivINT_DMA13
 .text.Cpu_ivINT_DMA14
                0x2000441c       0x18 ./Generated_Code/Cpu.o
                0x2000441c                Cpu_ivINT_DMA14
 .text.Cpu_ivINT_DMA15
                0x20004434       0x18 ./Generated_Code/Cpu.o
                0x20004434                Cpu_ivINT_DMA15
 .text.Cpu_ivINT_DMA_Error
                0x2000444c       0x18 ./Generated_Code/Cpu.o
                0x2000444c                Cpu_ivINT_DMA_Error
 .text.Cpu_ivINT_MCM
                0x20004464       0x18 ./Generated_Code/Cpu.o
                0x20004464                Cpu_ivINT_MCM
 .text.Cpu_ivINT_FTFL
                0x2000447c       0x18 ./Generated_Code/Cpu.o
                0x2000447c                Cpu_ivINT_FTFL
 .text.Cpu_ivINT_Read_Collision
                0x20004494       0x18 ./Generated_Code/Cpu.o
                0x20004494                Cpu_ivINT_Read_Collision
 .text.Cpu_ivINT_LVD_LVW
                0x200044ac       0x18 ./Generated_Code/Cpu.o
                0x200044ac                Cpu_ivINT_LVD_LVW
 .text.Cpu_ivINT_LLW
                0x200044c4       0x18 ./Generated_Code/Cpu.o
                0x200044c4                Cpu_ivINT_LLW
 .text.Cpu_ivINT_Watchdog
                0x200044dc       0x18 ./Generated_Code/Cpu.o
                0x200044dc                Cpu_ivINT_Watchdog
 .text.Cpu_ivINT_RNG
                0x200044f4       0x18 ./Generated_Code/Cpu.o
                0x200044f4                Cpu_ivINT_RNG
 .text.Cpu_ivINT_I2C0
                0x2000450c       0x18 ./Generated_Code/Cpu.o
                0x2000450c                Cpu_ivINT_I2C0
 .text.Cpu_ivINT_I2C1
                0x20004524       0x18 ./Generated_Code/Cpu.o
                0x20004524                Cpu_ivINT_I2C1
 .text.Cpu_ivINT_SPI0
                0x2000453c       0x18 ./Generated_Code/Cpu.o
                0x2000453c                Cpu_ivINT_SPI0
 .text.Cpu_ivINT_SPI1
                0x20004554       0x18 ./Generated_Code/Cpu.o
                0x20004554                Cpu_ivINT_SPI1
 .text.Cpu_ivINT_SPI2
                0x2000456c       0x18 ./Generated_Code/Cpu.o
                0x2000456c                Cpu_ivINT_SPI2
 .text.Cpu_ivINT_Reserved45
                0x20004584       0x18 ./Generated_Code/Cpu.o
                0x20004584                Cpu_ivINT_Reserved45
 .text.Cpu_ivINT_Reserved46
                0x2000459c       0x18 ./Generated_Code/Cpu.o
                0x2000459c                Cpu_ivINT_Reserved46
 .text.Cpu_ivINT_Reserved47
                0x200045b4       0x18 ./Generated_Code/Cpu.o
                0x200045b4                Cpu_ivINT_Reserved47
 .text.Cpu_ivINT_Reserved48
                0x200045cc       0x18 ./Generated_Code/Cpu.o
                0x200045cc                Cpu_ivINT_Reserved48
 .text.Cpu_ivINT_Reserved49
                0x200045e4       0x18 ./Generated_Code/Cpu.o
                0x200045e4                Cpu_ivINT_Reserved49
 .text.Cpu_ivINT_Reserved50
                0x200045fc       0x18 ./Generated_Code/Cpu.o
                0x200045fc                Cpu_ivINT_Reserved50
 .text.Cpu_ivINT_Reserved51
                0x20004614       0x18 ./Generated_Code/Cpu.o
                0x20004614                Cpu_ivINT_Reserved51
 .text.Cpu_ivINT_Reserved52
                0x2000462c       0x18 ./Generated_Code/Cpu.o
                0x2000462c                Cpu_ivINT_Reserved52
 .text.Cpu_ivINT_Reserved53
                0x20004644       0x18 ./Generated_Code/Cpu.o
                0x20004644                Cpu_ivINT_Reserved53
 .text.Cpu_ivINT_Reserved54
                0x2000465c       0x18 ./Generated_Code/Cpu.o
                0x2000465c                Cpu_ivINT_Reserved54
 .text.Cpu_ivINT_Reserved55
                0x20004674       0x18 ./Generated_Code/Cpu.o
                0x20004674                Cpu_ivINT_Reserved55
 .text.Cpu_ivINT_Reserved56
                0x2000468c       0x18 ./Generated_Code/Cpu.o
                0x2000468c                Cpu_ivINT_Reserved56
 .text.Cpu_ivINT_Reserved57
                0x200046a4       0x18 ./Generated_Code/Cpu.o
                0x200046a4                Cpu_ivINT_Reserved57
 .text.Cpu_ivINT_Reserved58
                0x200046bc       0x18 ./Generated_Code/Cpu.o
                0x200046bc                Cpu_ivINT_Reserved58
 .text.Cpu_ivINT_Reserved59
                0x200046d4       0x18 ./Generated_Code/Cpu.o
                0x200046d4                Cpu_ivINT_Reserved59
 .text.Cpu_ivINT_Reserved60
                0x200046ec       0x18 ./Generated_Code/Cpu.o
                0x200046ec                Cpu_ivINT_Reserved60
 .text.Cpu_ivINT_UART0_RX_TX
                0x20004704       0x18 ./Generated_Code/Cpu.o
                0x20004704                Cpu_ivINT_UART0_RX_TX
 .text.Cpu_ivINT_UART0_ERR
                0x2000471c       0x18 ./Generated_Code/Cpu.o
                0x2000471c                Cpu_ivINT_UART0_ERR
 .text.Cpu_ivINT_UART1_RX_TX
                0x20004734       0x18 ./Generated_Code/Cpu.o
                0x20004734                Cpu_ivINT_UART1_RX_TX
 .text.Cpu_ivINT_UART1_ERR
                0x2000474c       0x18 ./Generated_Code/Cpu.o
                0x2000474c                Cpu_ivINT_UART1_ERR
 .text.Cpu_ivINT_UART2_RX_TX
                0x20004764       0x18 ./Generated_Code/Cpu.o
                0x20004764                Cpu_ivINT_UART2_RX_TX
 .text.Cpu_ivINT_UART2_ERR
                0x2000477c       0x18 ./Generated_Code/Cpu.o
                0x2000477c                Cpu_ivINT_UART2_ERR
 .text.Cpu_ivINT_UART3_RX_TX
                0x20004794       0x18 ./Generated_Code/Cpu.o
                0x20004794                Cpu_ivINT_UART3_RX_TX
 .text.Cpu_ivINT_UART3_ERR
                0x200047ac       0x18 ./Generated_Code/Cpu.o
                0x200047ac                Cpu_ivINT_UART3_ERR
 .text.Cpu_ivINT_UART4_RX_TX
                0x200047c4       0x18 ./Generated_Code/Cpu.o
                0x200047c4                Cpu_ivINT_UART4_RX_TX
 .text.Cpu_ivINT_UART4_ERR
                0x200047dc       0x18 ./Generated_Code/Cpu.o
                0x200047dc                Cpu_ivINT_UART4_ERR
 .text.Cpu_ivINT_UART5_RX_TX
                0x200047f4       0x18 ./Generated_Code/Cpu.o
                0x200047f4                Cpu_ivINT_UART5_RX_TX
 .text.Cpu_ivINT_UART5_ERR
                0x2000480c       0x18 ./Generated_Code/Cpu.o
                0x2000480c                Cpu_ivINT_UART5_ERR
 .text.Cpu_ivINT_ADC0
                0x20004824       0x18 ./Generated_Code/Cpu.o
                0x20004824                Cpu_ivINT_ADC0
 .text.Cpu_ivINT_CMP0
                0x2000483c       0x18 ./Generated_Code/Cpu.o
                0x2000483c                Cpu_ivINT_CMP0
 .text.Cpu_ivINT_CMP1
                0x20004854       0x18 ./Generated_Code/Cpu.o
                0x20004854                Cpu_ivINT_CMP1
 .text.Cpu_ivINT_CMP2
                0x2000486c       0x18 ./Generated_Code/Cpu.o
                0x2000486c                Cpu_ivINT_CMP2
 .text.Cpu_ivINT_FTM1
                0x20004884       0x18 ./Generated_Code/Cpu.o
                0x20004884                Cpu_ivINT_FTM1
 .text.Cpu_ivINT_FTM2
                0x2000489c       0x18 ./Generated_Code/Cpu.o
                0x2000489c                Cpu_ivINT_FTM2
 .text.Cpu_ivINT_CMT
                0x200048b4       0x18 ./Generated_Code/Cpu.o
                0x200048b4                Cpu_ivINT_CMT
 .text.Cpu_ivINT_RTC
                0x200048cc       0x18 ./Generated_Code/Cpu.o
                0x200048cc                Cpu_ivINT_RTC
 .text.Cpu_ivINT_Reserved83
                0x200048e4       0x18 ./Generated_Code/Cpu.o
                0x200048e4                Cpu_ivINT_Reserved83
 .text.Cpu_ivINT_PIT0
                0x200048fc       0x18 ./Generated_Code/Cpu.o
                0x200048fc                Cpu_ivINT_PIT0
 .text.Cpu_ivINT_PIT1
                0x20004914       0x18 ./Generated_Code/Cpu.o
                0x20004914                Cpu_ivINT_PIT1
 .text.Cpu_ivINT_PIT2
                0x2000492c       0x18 ./Generated_Code/Cpu.o
                0x2000492c                Cpu_ivINT_PIT2
 .text.Cpu_ivINT_PIT3
                0x20004944       0x18 ./Generated_Code/Cpu.o
                0x20004944                Cpu_ivINT_PIT3
 .text.Cpu_ivINT_USBDCD
                0x2000495c       0x18 ./Generated_Code/Cpu.o
                0x2000495c                Cpu_ivINT_USBDCD
 .text.Cpu_ivINT_ENET_1588_Timer
                0x20004974       0x18 ./Generated_Code/Cpu.o
                0x20004974                Cpu_ivINT_ENET_1588_Timer
 .text.Cpu_ivINT_ENET_Transmit
                0x2000498c       0x18 ./Generated_Code/Cpu.o
                0x2000498c                Cpu_ivINT_ENET_Transmit
 .text.Cpu_ivINT_ENET_Receive
                0x200049a4       0x18 ./Generated_Code/Cpu.o
                0x200049a4                Cpu_ivINT_ENET_Receive
 .text.Cpu_ivINT_ENET_Error
                0x200049bc       0x18 ./Generated_Code/Cpu.o
                0x200049bc                Cpu_ivINT_ENET_Error
 .text.Cpu_ivINT_I2S0
                0x200049d4       0x18 ./Generated_Code/Cpu.o
                0x200049d4                Cpu_ivINT_I2S0
 .text.Cpu_ivINT_SDHC
                0x200049ec       0x18 ./Generated_Code/Cpu.o
                0x200049ec                Cpu_ivINT_SDHC
 .text.Cpu_ivINT_DAC0
                0x20004a04       0x18 ./Generated_Code/Cpu.o
                0x20004a04                Cpu_ivINT_DAC0
 .text.Cpu_ivINT_DAC1
                0x20004a1c       0x18 ./Generated_Code/Cpu.o
                0x20004a1c                Cpu_ivINT_DAC1
 .text.Cpu_ivINT_TSI0
                0x20004a34       0x18 ./Generated_Code/Cpu.o
                0x20004a34                Cpu_ivINT_TSI0
 .text.Cpu_ivINT_MCG
                0x20004a4c       0x18 ./Generated_Code/Cpu.o
                0x20004a4c                Cpu_ivINT_MCG
 .text.Cpu_ivINT_LPTimer
                0x20004a64       0x18 ./Generated_Code/Cpu.o
                0x20004a64                Cpu_ivINT_LPTimer
 .text.Cpu_ivINT_LCD
                0x20004a7c       0x18 ./Generated_Code/Cpu.o
                0x20004a7c                Cpu_ivINT_LCD
 .text.Cpu_ivINT_PORTA
                0x20004a94       0x18 ./Generated_Code/Cpu.o
                0x20004a94                Cpu_ivINT_PORTA
 .text.Cpu_ivINT_PORTB
                0x20004aac       0x18 ./Generated_Code/Cpu.o
                0x20004aac                Cpu_ivINT_PORTB
 .text.Cpu_ivINT_PORTC
                0x20004ac4       0x18 ./Generated_Code/Cpu.o
                0x20004ac4                Cpu_ivINT_PORTC
 .text.Cpu_ivINT_PORTD
                0x20004adc       0x18 ./Generated_Code/Cpu.o
                0x20004adc                Cpu_ivINT_PORTD
 .text.Cpu_ivINT_PORTE
                0x20004af4       0x18 ./Generated_Code/Cpu.o
                0x20004af4                Cpu_ivINT_PORTE
 .text.Cpu_ivINT_Reserved108
                0x20004b0c       0x18 ./Generated_Code/Cpu.o
                0x20004b0c                Cpu_ivINT_Reserved108
 .text.Cpu_ivINT_Reserved109
                0x20004b24       0x18 ./Generated_Code/Cpu.o
                0x20004b24                Cpu_ivINT_Reserved109
 .text.Cpu_ivINT_Reserved110
                0x20004b3c       0x18 ./Generated_Code/Cpu.o
                0x20004b3c                Cpu_ivINT_Reserved110
 .text.Cpu_ivINT_Reserved111
                0x20004b54       0x18 ./Generated_Code/Cpu.o
                0x20004b54                Cpu_ivINT_Reserved111
 .text.Cpu_ivINT_Reserved112
                0x20004b6c       0x18 ./Generated_Code/Cpu.o
                0x20004b6c                Cpu_ivINT_Reserved112
 .text.Cpu_ivINT_Reserved113
                0x20004b84       0x18 ./Generated_Code/Cpu.o
                0x20004b84                Cpu_ivINT_Reserved113
 .text.Cpu_ivINT_Reserved114
                0x20004b9c       0x18 ./Generated_Code/Cpu.o
                0x20004b9c                Cpu_ivINT_Reserved114
 .text.Cpu_ivINT_Reserved115
                0x20004bb4       0x18 ./Generated_Code/Cpu.o
                0x20004bb4                Cpu_ivINT_Reserved115
 .text.Cpu_ivINT_Reserved116
                0x20004bcc       0x18 ./Generated_Code/Cpu.o
                0x20004bcc                Cpu_ivINT_Reserved116
 .text.Cpu_ivINT_Reserved117
                0x20004be4       0x18 ./Generated_Code/Cpu.o
                0x20004be4                Cpu_ivINT_Reserved117
 .text.Cpu_ivINT_Reserved118
                0x20004bfc       0x18 ./Generated_Code/Cpu.o
                0x20004bfc                Cpu_ivINT_Reserved118
 .text.Cpu_ivINT_Reserved119
                0x20004c14       0x18 ./Generated_Code/Cpu.o
                0x20004c14                Cpu_ivINT_Reserved119
 .text.__init_hardware
                0x20004c2c      0x2b8 ./Generated_Code/Cpu.o
                0x20004c2c                __init_hardware
 .text.Cpu_SetBASEPRI
                0x20004ee4       0x18 ./Generated_Code/Cpu.o
                0x20004ee4                Cpu_SetBASEPRI
 .text.PE_low_level_init
                0x20004efc      0x2b0 ./Generated_Code/Cpu.o
                0x20004efc                PE_low_level_init
 .text.BitIoLdd1_Init
                0x200051ac       0x84 ./Generated_Code/BitIoLdd1.o
                0x200051ac                BitIoLdd1_Init
 .text.BitIoLdd1_PutVal
                0x20005230       0x3c ./Generated_Code/BitIoLdd1.o
                0x20005230                BitIoLdd1_PutVal
 .text.BitIoLdd1_ClrVal
                0x2000526c       0x20 ./Generated_Code/BitIoLdd1.o
                0x2000526c                BitIoLdd1_ClrVal
 .text.BitIoLdd1_SetVal
                0x2000528c       0x20 ./Generated_Code/BitIoLdd1.o
                0x2000528c                BitIoLdd1_SetVal
 .text.AdcLdd2_Init
                0x200052ac      0x26c ./Generated_Code/AdcLdd2.o
                0x200052ac                AdcLdd2_Init
 .text.AdcLdd2_Enable
                0x20005518       0x20 ./Generated_Code/AdcLdd2.o
                0x20005518                AdcLdd2_Enable
 .text.AdcLdd2_Disable
                0x20005538       0x48 ./Generated_Code/AdcLdd2.o
                0x20005538                AdcLdd2_Disable
 .text.AdcLdd2_StartSingleMeasurement
                0x20005580       0x94 ./Generated_Code/AdcLdd2.o
                0x20005580                AdcLdd2_StartSingleMeasurement
 .text.AdcLdd2_StartLoopTriggeredMeasurement
                0x20005614       0x94 ./Generated_Code/AdcLdd2.o
                0x20005614                AdcLdd2_StartLoopTriggeredMeasurement
 .text.AdcLdd2_CreateSampleGroup
                0x200056a8       0xa0 ./Generated_Code/AdcLdd2.o
                0x200056a8                AdcLdd2_CreateSampleGroup
 .text.AdcLdd2_GetMeasuredValues
                0x20005748       0x68 ./Generated_Code/AdcLdd2.o
                0x20005748                AdcLdd2_GetMeasuredValues
 .text.AdcLdd2_GetMeasurementCompleteStatus
                0x200057b0       0x9c ./Generated_Code/AdcLdd2.o
                0x200057b0                AdcLdd2_GetMeasurementCompleteStatus
 .text.AdcLdd2_StartCalibration
                0x2000584c       0x94 ./Generated_Code/AdcLdd2.o
                0x2000584c                AdcLdd2_StartCalibration
 .text.AdcLdd2_GetCalibrationResultStatus
                0x200058e0      0x118 ./Generated_Code/AdcLdd2.o
                0x200058e0                AdcLdd2_GetCalibrationResultStatus
 .text.AdcLdd2_MeasurementCompleteInterrupt
                0x200059f8       0x50 ./Generated_Code/AdcLdd2.o
                0x200059f8                AdcLdd2_MeasurementCompleteInterrupt
 .text.AdcLdd1_Init
                0x20005a48      0x228 ./Generated_Code/AdcLdd1.o
                0x20005a48                AdcLdd1_Init
 .text.AdcLdd1_Enable
                0x20005c70       0x20 ./Generated_Code/AdcLdd1.o
                0x20005c70                AdcLdd1_Enable
 .text.AdcLdd1_Disable
                0x20005c90       0x48 ./Generated_Code/AdcLdd1.o
                0x20005c90                AdcLdd1_Disable
 .text.AdcLdd1_StartSingleMeasurement
                0x20005cd8       0x7c ./Generated_Code/AdcLdd1.o
                0x20005cd8                AdcLdd1_StartSingleMeasurement
 .text.AdcLdd1_CancelMeasurement
                0x20005d54       0x4c ./Generated_Code/AdcLdd1.o
                0x20005d54                AdcLdd1_CancelMeasurement
 .text.AdcLdd1_CreateSampleGroup
                0x20005da0       0x84 ./Generated_Code/AdcLdd1.o
                0x20005da0                AdcLdd1_CreateSampleGroup
 .text.AdcLdd1_GetMeasuredValues
                0x20005e24       0x68 ./Generated_Code/AdcLdd1.o
                0x20005e24                AdcLdd1_GetMeasuredValues
 .text.AdcLdd1_GetMeasurementCompleteStatus
                0x20005e8c       0x40 ./Generated_Code/AdcLdd1.o
                0x20005e8c                AdcLdd1_GetMeasurementCompleteStatus
 .text.AdcLdd1_StartCalibration
                0x20005ecc       0x7c ./Generated_Code/AdcLdd1.o
                0x20005ecc                AdcLdd1_StartCalibration
 .text.AdcLdd1_GetCalibrationResultStatus
                0x20005f48      0x118 ./Generated_Code/AdcLdd1.o
                0x20005f48                AdcLdd1_GetCalibrationResultStatus
 .text.ClrSumV  0x20006060       0x98 ./Generated_Code/AD2.o
 .text.AD2_HWEnDi
                0x200060f8      0x148 ./Generated_Code/AD2.o
                0x200060f8                AD2_HWEnDi
 .text.AD2_Start
                0x20006240       0x58 ./Generated_Code/AD2.o
                0x20006240                AD2_Start
 .text.AD2_GetValue
                0x20006298       0xf8 ./Generated_Code/AD2.o
                0x20006298                AD2_GetValue
 .text.AD2_Calibrate
                0x20006390       0xc0 ./Generated_Code/AD2.o
                0x20006390                AD2_Calibrate
 .text.AdcLdd2_OnMeasurementComplete
                0x20006450      0x200 ./Generated_Code/AD2.o
                0x20006450                AdcLdd2_OnMeasurementComplete
 .text.AD2_Init
                0x20006650       0x60 ./Generated_Code/AD2.o
                0x20006650                AD2_Init
 .text.AD1_MainMeasure
                0x200066b0      0x1c4 ./Generated_Code/AD1.o
 .text.AD1_HWEnDi
                0x20006874       0xc8 ./Generated_Code/AD1.o
                0x20006874                AD1_HWEnDi
 .text.AD1_MeasureChan
                0x2000693c       0x7c ./Generated_Code/AD1.o
                0x2000693c                AD1_MeasureChan
 .text.AD1_GetChanValue
                0x200069b8      0x120 ./Generated_Code/AD1.o
                0x200069b8                AD1_GetChanValue
 .text.PE_AD1_Calibrate
                0x20006ad8       0x98 ./Generated_Code/AD1.o
                0x20006ad8                PE_AD1_Calibrate
 .text.AD1_Init
                0x20006b70       0x44 ./Generated_Code/AD1.o
                0x20006b70                AD1_Init
 .text.zero_fill_bss
                0x20006bb4       0x2c ./Project_Settings/Startup_Code/__arm_start.o
 .text.__thumb_startup
                0x20006be0       0x30 ./Project_Settings/Startup_Code/__arm_start.o
                0x20006be0                __thumb_startup
 .text._ExitProcess
                0x20006c10        0xc ./Project_Settings/Startup_Code/__arm_end.o
                0x20006c10                _ExitProcess
 .text.FTM0_Init
                0x20006c1c       0x94 ./Sources/Timers.o
                0x20006c1c                FTM0_Init
 .text.FTM0_ISR
                0x20006cb0       0x50 ./Sources/Timers.o
                0x20006cb0                FTM0_ISR
 .text.FTM0_Deinit
                0x20006d00       0x28 ./Sources/Timers.o
                0x20006d00                FTM0_Deinit
 .text.FTM2_Init
                0x20006d28       0x98 ./Sources/Timers.o
                0x20006d28                FTM2_Init
 .text.FTM2_CH1_Init
                0x20006dc0       0x68 ./Sources/Timers.o
                0x20006dc0                FTM2_CH1_Init
 .text.FTM2_CH1_PWM_Start
                0x20006e28       0x58 ./Sources/Timers.o
                0x20006e28                FTM2_CH1_PWM_Start
 .text.FTM2_CH1_PWM_Stop
                0x20006e80       0x70 ./Sources/Timers.o
                0x20006e80                FTM2_CH1_PWM_Stop
 .text.Measurement_PeriodicTask
                0x20006ef0       0x74 ./Sources/SensorMeasurement.o
                0x20006ef0                Measurement_PeriodicTask
 .text.MeasurementStateIdle
                0x20006f64        0xc ./Sources/SensorMeasurement.o
 .text.MeasurementStateMeasuring
                0x20006f70      0x15c ./Sources/SensorMeasurement.o
 .text.Measurement_StartMeasurement
                0x200070cc       0x80 ./Sources/SensorMeasurement.o
                0x200070cc                Measurement_StartMeasurement
 .text.Measurement_AbortMeasurement
                0x2000714c       0x54 ./Sources/SensorMeasurement.o
                0x2000714c                Measurement_AbortMeasurement
 .text.PDB0_ISR
                0x200071a0       0x34 ./Sources/SensorMeasurement.o
                0x200071a0                PDB0_ISR
 .text.main     0x200071d4       0x14 ./Sources/ProcessorExpert.o
                0x200071d4                main
 .text.Configuration_PeriodicTask
                0x200071e8       0x74 ./Sources/NirsConfig.o
                0x200071e8                Configuration_PeriodicTask
 .text.ConfigurationStateIdle
                0x2000725c        0xc ./Sources/NirsConfig.o
                0x2000725c                ConfigurationStateIdle
 .text.ConfigurationStateSetup
                0x20007268      0x150 ./Sources/NirsConfig.o
                0x20007268                ConfigurationStateSetup
 .text.ConfigurationStateCalibrating
                0x200073b8      0x114 ./Sources/NirsConfig.o
                0x200073b8                ConfigurationStateCalibrating
 .text.IrCalibration
                0x200074cc      0x1c0 ./Sources/NirsConfig.o
                0x200074cc                IrCalibration
 .text.RedCalibration
                0x2000768c      0x1c0 ./Sources/NirsConfig.o
                0x2000768c                RedCalibration
 .text.TestApp_Init
                0x2000784c       0x5c ./Sources/Main_App.o
                0x2000784c                TestApp_Init
 .text.TestApp_Task
                0x200078a8       0x14 ./Sources/Main_App.o
                0x200078a8                TestApp_Task
 .text.SerialComm_PeriodicTask
                0x200078bc      0x134 ./Sources/Main_App.o
                0x200078bc                SerialComm_PeriodicTask
 .text.SerialComm_SendData
                0x200079f0       0xa8 ./Sources/Main_App.o
                0x200079f0                SerialComm_SendData
 .text.StartMeasurementReq
                0x20007a98       0xe8 ./Sources/Main_App.o
                0x20007a98                StartMeasurementReq
 .text.AbortMeasurementReq
                0x20007b80       0xb8 ./Sources/Main_App.o
                0x20007b80                AbortMeasurementReq
 .text.SetConfigurationReq
                0x20007c38       0xfc ./Sources/Main_App.o
                0x20007c38                SetConfigurationReq
 .text.StartCalibrationReq
                0x20007d34       0xfc ./Sources/Main_App.o
                0x20007d34                StartCalibrationReq
 .text.NewMeasurementDataEvent
                0x20007e30      0x134 ./Sources/Main_App.o
                0x20007e30                NewMeasurementDataEvent
 .text.NoMeasurementEvent
                0x20007f64        0xc ./Sources/Main_App.o
                0x20007f64                NoMeasurementEvent
 .text.MeasurementCompleteEvent
                0x20007f70       0xc0 ./Sources/Main_App.o
                0x20007f70                MeasurementCompleteEvent
 .text.MeasurementErrorEvent
                0x20008030        0xc ./Sources/Main_App.o
                0x20008030                MeasurementErrorEvent
 .text.CalibrationCompleteOkInd
                0x2000803c       0xb4 ./Sources/Main_App.o
                0x2000803c                CalibrationCompleteOkInd
 .text.CalibrationErrorInd
                0x200080f0        0xc ./Sources/Main_App.o
                0x200080f0                CalibrationErrorInd
 .text.USB_Notify_Callback
                0x200080fc       0x58 ./Sources/Main_App.o
 .text.USB_App_Callback
                0x20008154       0xd8 ./Sources/Main_App.o
 .text.Cpu_OnNMIINT
                0x2000822c        0xc ./Sources/Events.o
                0x2000822c                Cpu_OnNMIINT
 .text.AD2_OnEnd
                0x20008238       0x9c ./Sources/Events.o
                0x20008238                AD2_OnEnd
 .text.AD2_OnCalibrationEnd
                0x200082d4        0xc ./Sources/Events.o
                0x200082d4                AD2_OnCalibrationEnd
 .text.sbrk     0x200082e0       0x28 C:/Freescale/CW MCU v10.5/MCU/ARM_GCC_Support/ewl/lib/armv7e-m\libc.a(alloc.o)
                0x200082e0                sbrk
 .text.malloc   0x20008308      0x104 C:/Freescale/CW MCU v10.5/MCU/ARM_GCC_Support/ewl/lib/armv7e-m\libc.a(alloc.o)
                0x20008308                malloc
 .text.free     0x2000840c       0x10 C:/Freescale/CW MCU v10.5/MCU/ARM_GCC_Support/ewl/lib/armv7e-m\libc.a(alloc.o)
                0x2000840c                free
 .text.exit     0x2000841c       0x38 C:/Freescale/CW MCU v10.5/MCU/ARM_GCC_Support/ewl/lib/armv7e-m\libc.a(exit.o)
                0x2000841c                exit
 .text.memcpy   0x20008454       0x12 C:/Freescale/CW MCU v10.5/MCU/ARM_GCC_Support/ewl/lib/armv7e-m\libc.a(memcpy.o)
                0x20008454                memcpy
 .text.memset   0x20008466        0xc C:/Freescale/CW MCU v10.5/MCU/ARM_GCC_Support/ewl/lib/armv7e-m\libc.a(memset.o)
                0x20008466                memset
 .text.long2str.isra.0
                0x20008472      0x196 C:/Freescale/CW MCU v10.5/MCU/ARM_GCC_Support/ewl/lib/armv7e-m\libc.a(printformat_.o)
 .text.__pformatter_
                0x20008608      0x3f8 C:/Freescale/CW MCU v10.5/MCU/ARM_GCC_Support/ewl/lib/armv7e-m\libc.a(printformat_.o)
                0x20008608                __pformatter_
 .text.__sformatter
                0x20008a00      0x6f4 C:/Freescale/CW MCU v10.5/MCU/ARM_GCC_Support/ewl/lib/armv7e-m\libc.a(scanformat_.o)
                0x20008a00                __sformatter
 .text.isalpha  0x200090f4       0x1c C:/Freescale/CW MCU v10.5/MCU/ARM_GCC_Support/ewl/lib/armv7e-m\libc.a(ctype_aeabi.o)
                0x200090f4                isalpha
 .text.isspace  0x20009110       0x1c C:/Freescale/CW MCU v10.5/MCU/ARM_GCC_Support/ewl/lib/armv7e-m\libc.a(ctype_aeabi.o)
                0x20009110                isspace
 .text.toupper  0x2000912c        0xc C:/Freescale/CW MCU v10.5/MCU/ARM_GCC_Support/ewl/lib/armv7e-m\libc.a(ctype_aeabi.o)
                0x2000912c                toupper
 .text.__strtoul
                0x20009138      0x214 C:/Freescale/CW MCU v10.5/MCU/ARM_GCC_Support/ewl/lib/armv7e-m\libc.a(__strtoul.o)
                0x20009138                __strtoul
 .text.__fill_mem
                0x2000934c       0x76 C:/Freescale/CW MCU v10.5/MCU/ARM_GCC_Support/ewl/lib/armv7e-m\libc.a(__filll_mem.o)
                0x2000934c                __fill_mem
 .text.memchr   0x200093c2       0x18 C:/Freescale/CW MCU v10.5/MCU/ARM_GCC_Support/ewl/lib/armv7e-m\libc.a(memchr.o)
                0x200093c2                memchr
 .text.strchr   0x200093da       0x1a C:/Freescale/CW MCU v10.5/MCU/ARM_GCC_Support/ewl/lib/armv7e-m\libc.a(strchr.o)
                0x200093da                strchr
 .text.strlen   0x200093f4       0x10 C:/Freescale/CW MCU v10.5/MCU/ARM_GCC_Support/ewl/lib/armv7e-m\libc.a(strlen.o)
                0x200093f4                strlen
 .text.__init_cpp
                0x20009404       0x4c C:/Freescale/CW MCU v10.5/MCU/ARM_GCC_Support/ewl/lib/armv7e-m\librt.a(gcc_ctor_dtor.o)
                0x20009404                __init_cpp
 .text.__fini_cpp
                0x20009450       0x34 C:/Freescale/CW MCU v10.5/MCU/ARM_GCC_Support/ewl/lib/armv7e-m\librt.a(gcc_ctor_dtor.o)
                0x20009450                __fini_cpp
 .text.__copy_rom_section
                0x20009484       0x44 C:/Freescale/CW MCU v10.5/MCU/ARM_GCC_Support/ewl/lib/armv7e-m\librt.a(ROMCopy.o)
                0x20009484                __copy_rom_section
 .text.__copy_rom_sections_to_ram
                0x200094c8       0x30 C:/Freescale/CW MCU v10.5/MCU/ARM_GCC_Support/ewl/lib/armv7e-m\librt.a(ROMCopy.o)
                0x200094c8                __copy_rom_sections_to_ram
 .text.__destroy_global_chain
                0x200094f8       0x18 C:/Freescale/CW MCU v10.5/MCU/ARM_GCC_Support/ewl/lib/armv7e-m\librt.a(__arm_eabi_init.o)
                0x200094f8                __destroy_global_chain
 .text.__init_registers
                0x20009510       0x24 C:/Freescale/CW MCU v10.5/MCU/ARM_GCC_Support/ewl/lib/armv7e-m\librt.a(__arm_eabi_init.o)
                0x20009510                __init_registers
 .text.__init_user
                0x20009534        0x4 C:/Freescale/CW MCU v10.5/MCU/ARM_GCC_Support/ewl/lib/armv7e-m\librt.a(__arm_eabi_init.o)
                0x20009534                __init_user
 *(.rodata)
 *(.rodata*)
 .rodata.g_validate_request
                0x20009538       0x28 ./Generated_Code/usb_framework.o
                0x20009538                g_validate_request
 .rodata.g_standard_request
                0x20009560       0x34 ./Generated_Code/usb_framework.o
                0x20009560                g_standard_request
 .rodata.usb_desc_ep
                0x20009594       0x18 ./Generated_Code/usb_descriptor.o
                0x20009594                usb_desc_ep
 .rodata.g_std_desc_size
                0x200095ac       0x20 ./Generated_Code/usb_descriptor.o
                0x200095ac                g_std_desc_size
 .rodata.g_std_descriptors
                0x200095cc       0x20 ./Generated_Code/usb_descriptor.o
                0x200095cc                g_std_descriptors
 .rodata.g_string_desc_size
                0x200095ec        0x8 ./Generated_Code/usb_descriptor.o
                0x200095ec                g_string_desc_size
 .rodata.g_string_descriptors
                0x200095f4       0x18 ./Generated_Code/usb_descriptor.o
                0x200095f4                g_string_descriptors
 .rodata.g_languages
                0x2000960c       0x20 ./Generated_Code/usb_descriptor.o
                0x2000960c                g_languages
 .rodata.g_valid_config_values
                0x2000962c        0x4 ./Generated_Code/usb_descriptor.o
                0x2000962c                g_valid_config_values
 .rodata.ChannelToPin
                0x20009630        0xc ./Generated_Code/AdcLdd2.o
 .rodata.ChannelToPin
                0x2000963c        0xc ./Generated_Code/AdcLdd1.o
 .rodata.Table  0x20009648       0x14 ./Generated_Code/AD2.o
 .rodata.Table  0x2000965c       0x14 ./Generated_Code/AD1.o
 .rodata.MeasurementStateMachine
                0x20009670        0x8 ./Sources/SensorMeasurement.o
                0x20009670                MeasurementStateMachine
 .rodata.ConfigurationStateMachine
                0x20009678        0xc ./Sources/NirsConfig.o
                0x20009678                ConfigurationStateMachine
 .rodata.Configuration_Events
                0x20009684        0xc ./Sources/Main_App.o
                0x20009684                Configuration_Events
 .rodata.Measurement_Events
                0x20009690       0x10 ./Sources/Main_App.o
                0x20009690                Measurement_Events
 .rodata.ExecuteCommandReq
                0x200096a0       0x54 ./Sources/Main_App.o
                0x200096a0                ExecuteCommandReq
 .rodata.str1.1
                0x200096f4        0x1 C:/Freescale/CW MCU v10.5/MCU/ARM_GCC_Support/ewl/lib/armv7e-m\libc.a(printformat_.o)
 .rodata.CSWTCH.20
                0x200096f5        0x5 C:/Freescale/CW MCU v10.5/MCU/ARM_GCC_Support/ewl/lib/armv7e-m\libc.a(printformat_.o)
 .rodata.CSWTCH.21
                0x200096fa        0x5 C:/Freescale/CW MCU v10.5/MCU/ARM_GCC_Support/ewl/lib/armv7e-m\libc.a(printformat_.o)
 .rodata.__aeabi_ctype_table_C
                0x200096ff      0x101 C:/Freescale/CW MCU v10.5/MCU/ARM_GCC_Support/ewl/lib/armv7e-m\libc.a(ctype_aeabi.o)
                0x200096ff                __aeabi_ctype_table_C
 *(.glue_7)
 .glue_7        0x00000000        0x0 linker stubs
 *(.glue_7t)
 .glue_7t       0x00000000        0x0 linker stubs
 *(.eh_frame)
 *(.init)
 *(.fini)
                0x20009800                . = ALIGN (0x4)
                0x20009800                _etext = .

.vfp11_veneer   0x20009800        0x0
 .vfp11_veneer  0x00000000        0x0 linker stubs

.v4_bx          0x20009800        0x0
 .v4_bx         0x00000000        0x0 linker stubs

.iplt           0x20009800        0x0
 .iplt          0x00000000        0x0 ./Generated_Code/wait_timer.o

.rel.dyn        0x20009800        0x0
 .rel.iplt      0x00000000        0x0 ./Generated_Code/wait_timer.o

.ARM.extab
 *(.ARM.extab* .gnu.linkonce.armextab.*)

.ARM            0x20009800        0x0
                0x20009800                __exidx_start = .
 *(.ARM.exidx*)
                0x20009800                __exidx_end = .

.ctors          0x20009800        0x0
                0x20009800                __CTOR_LIST__ = .
 *crtbegin.o(.ctors)
 *(EXCLUDE_FILE(*crtend.o) .ctors)
 *(SORT(.ctors.*))
 *(.ctors)
                0x20009800                __CTOR_END__ = .

.dtors          0x20009800        0x0
                0x20009800                __DTOR_LIST__ = .
 *crtbegin.o(.dtors)
 *(EXCLUDE_FILE(*crtend.o) .dtors)
 *(SORT(.dtors.*))
 *(.dtors)
                0x20009800                __DTOR_END__ = .

.preinit_array  0x20009800        0x0
                0x20009800                PROVIDE (__preinit_array_start, .)
 *(.preinit_array*)
                0x20009800                PROVIDE (__preinit_array_end, .)

.init_array     0x20009800        0x0
                0x20009800                PROVIDE (__init_array_start, .)
 *(SORT(.init_array.*))
 *(.init_array*)
                0x20009800                PROVIDE (__init_array_end, .)

.fini_array     0x20009800        0x0
                0x20009800                PROVIDE (__fini_array_start, .)
 *(SORT(.fini_array.*))
 *(.fini_array*)
                0x20009800                PROVIDE (__fini_array_end, .)
                0x20009800                ___ROM_AT = .

.data           0x1fff01e0      0x138
                0x1fff01e0                . = ALIGN (0x4)
                0x1fff01e0                _sdata = .
 *(.data)
 *(.data*)
 .data.g_device_descriptor
                0x1fff01e0       0x14 ./Generated_Code/usb_descriptor.o
                0x1fff01e0                g_device_descriptor
 .data.g_config_descriptor
                0x1fff01f4       0x44 ./Generated_Code/usb_descriptor.o
                0x1fff01f4                g_config_descriptor
 .data.USB_STR_0
                0x1fff0238        0x4 ./Generated_Code/usb_descriptor.o
                0x1fff0238                USB_STR_0
 .data.USB_STR_1
                0x1fff023c       0x20 ./Generated_Code/usb_descriptor.o
                0x1fff023c                USB_STR_1
 .data.USB_STR_2
                0x1fff025c       0x18 ./Generated_Code/usb_descriptor.o
                0x1fff025c                USB_STR_2
 .data.USB_STR_3
                0x1fff0274       0x18 ./Generated_Code/usb_descriptor.o
                0x1fff0274                USB_STR_3
 .data.USB_STR_n
                0x1fff028c       0x24 ./Generated_Code/usb_descriptor.o
                0x1fff028c                USB_STR_n
 .data.g_line_coding
                0x1fff02b0       0x10 ./Generated_Code/usb_descriptor.o
 .data.g_serial_state_buf
                0x1fff02c0        0xc ./Generated_Code/usb_cdc_pstn.o
 .data.pwmRedValue
                0x1fff02cc        0x2 ./Sources/SensorMeasurement.o
                0x1fff02cc                pwmRedValue
 .data.pwmIrValue
                0x1fff02ce        0x2 ./Sources/SensorMeasurement.o
                0x1fff02ce                pwmIrValue
 .data.testDuration
                0x1fff02d0       0x40 ./Sources/NirsConfig.o
                0x1fff02d0                testDuration
 .data.sampleTime
                0x1fff0310        0x4 ./Sources/NirsConfig.o
                0x1fff0310                sampleTime
 .data.tail     0x1fff0314        0x4 C:/Freescale/CW MCU v10.5/MCU/ARM_GCC_Support/ewl/lib/armv7e-m\libc.a(alloc.o)
                0x1fff0318                . = ALIGN (0x4)
                0x1fff0318                _edata = .
                0x00000138                ___data_size = (_edata - _sdata)

.igot.plt       0x1fff0318        0x0
 .igot.plt      0x00000000        0x0 ./Generated_Code/wait_timer.o
                0x1fff0318                . = ALIGN (0x4)

.bss            0x1fff0400      0xa58
                0x1fff0400                __START_BSS = .
                0x1fff0400                PROVIDE (__bss_start__, __START_BSS)
 *(.bss)
 *(.bss*)
 .bss.g_setup_pkt
                0x1fff0400        0x8 ./Generated_Code/usb_framework.o
 .bss.g_std_framework_data
                0x1fff0408        0x2 ./Generated_Code/usb_framework.o
 .bss.g_assigned_address
                0x1fff040a        0x1 ./Generated_Code/usb_framework.o
 *fill*         0x1fff040b        0x1 00
 .bss.g_framework_callback
                0x1fff040c        0x4 ./Generated_Code/usb_framework.o
 .bss.g_other_req_callback
                0x1fff0410        0x4 ./Generated_Code/usb_framework.o
 .bss.ext_req_to_host
                0x1fff0414       0x20 ./Generated_Code/usb_framework.o
 .bss.g_usb_CB  0x1fff0434       0x60 ./Generated_Code/usb_driver.o
 .bss.g_usb_component_status
                0x1fff0494       0x10 ./Generated_Code/usb_driver.o
 .bss.g_usb_ep_status
                0x1fff04a4       0x20 ./Generated_Code/usb_driver.o
 .bss.g_EPn     0x1fff04c4        0x1 ./Generated_Code/usb_driver.o
 .bss.g_EPn_max
                0x1fff04c5        0x1 ./Generated_Code/usb_driver.o
 *fill*         0x1fff04c6        0x2 00
 .bss.g_abstract_state
                0x1fff04c8        0x4 ./Generated_Code/usb_descriptor.o
 .bss.g_country_code
                0x1fff04cc        0x4 ./Generated_Code/usb_descriptor.o
 .bss.g_alternate_interface
                0x1fff04d0        0x4 ./Generated_Code/usb_descriptor.o
 .bss.g_bdt_elem
                0x1fff04d4      0x100 ./Generated_Code/usb_dci.o
 .bss.g_class_callback
                0x1fff05d4        0x4 ./Generated_Code/usb_class.o
 .bss.g_device_state_before_suspend
                0x1fff05d8        0x2 ./Generated_Code/usb_class.o
 *fill*         0x1fff05da        0x2 00
 .bss.g_pstn_callback
                0x1fff05dc        0x4 ./Generated_Code/usb_cdc_pstn.o
 .bss.g_dte_present
                0x1fff05e0        0x1 ./Generated_Code/usb_cdc_pstn.o
 .bss.g_dte_status
                0x1fff05e1        0x1 ./Generated_Code/usb_cdc_pstn.o
 .bss.g_break_duration
                0x1fff05e2        0x2 ./Generated_Code/usb_cdc_pstn.o
 .bss.g_current_interface
                0x1fff05e4        0x1 ./Generated_Code/usb_cdc_pstn.o
 *fill*         0x1fff05e5        0x3 00
 .bss.g_uart_bitmap
                0x1fff05e8        0x4 ./Generated_Code/usb_cdc_pstn.o
 .bss.g_cdc_class_callback
                0x1fff05ec        0x4 ./Generated_Code/usb_cdc.o
 .bss.g_vendor_req_callback
                0x1fff05f0        0x4 ./Generated_Code/usb_cdc.o
 *fill*         0x1fff05f4        0xc 00
 .bss.DevDataPtr__DEFAULT_RTOS_ALLOC
                0x1fff0600      0x400 ./Generated_Code/USB_LDD.o
 .bss.INT_USB0__DEFAULT_RTOS_ISRPARAM
                0x1fff0a00        0x4 ./Generated_Code/USB_LDD.o
 .bss.PE_LDD_DeviceDataList
                0x1fff0a04       0x10 ./Generated_Code/PE_LDD.o
                0x1fff0a04                PE_LDD_DeviceDataList
 .bss.SR_lock   0x1fff0a14        0x1 ./Generated_Code/Cpu.o
                0x1fff0a14                SR_lock
 *fill*         0x1fff0a15        0x3 00
 .bss.DeviceDataPrv__DEFAULT_RTOS_ALLOC
                0x1fff0a18        0x4 ./Generated_Code/BitIoLdd1.o
 .bss.DeviceDataPrv__DEFAULT_RTOS_ALLOC
                0x1fff0a1c       0x10 ./Generated_Code/AdcLdd2.o
 .bss.INT_ADC1__DEFAULT_RTOS_ISRPARAM
                0x1fff0a2c        0x4 ./Generated_Code/AdcLdd2.o
 .bss.DeviceDataPrv__DEFAULT_RTOS_ALLOC
                0x1fff0a30        0x8 ./Generated_Code/AdcLdd1.o
 .bss.EnUser    0x1fff0a38        0x1 ./Generated_Code/AD2.o
 .bss.SumChan   0x1fff0a39        0x1 ./Generated_Code/AD2.o
 .bss.ModeFlg   0x1fff0a3a        0x1 ./Generated_Code/AD2.o
 *fill*         0x1fff0a3b        0x1 00
 .bss.SampleGroup
                0x1fff0a3c        0xc ./Generated_Code/AD2.o
 .bss.OutFlg    0x1fff0a48        0x2 ./Generated_Code/AD2.o
 .bss.TriggerMode
                0x1fff0a4a        0x1 ./Generated_Code/AD2.o
 .bss.EnUser    0x1fff0a4b        0x1 ./Generated_Code/AD1.o
 .bss.SumChan   0x1fff0a4c        0x1 ./Generated_Code/AD1.o
 .bss.ModeFlg   0x1fff0a4d        0x1 ./Generated_Code/AD1.o
 *fill*         0x1fff0a4e        0x2 00
 .bss.SampleGroup
                0x1fff0a50        0xc ./Generated_Code/AD1.o
 .bss.WaitForRes
                0x1fff0a5c        0x1 ./Generated_Code/AD1.o
 *fill*         0x1fff0a5d        0x1 00
 .bss.OutFlg    0x1fff0a5e        0x2 ./Generated_Code/AD1.o
 .bss.argv      0x1fff0a60        0x4 ./Project_Settings/Startup_Code/__arm_start.o
 .bss.bufferPtr
                0x1fff0a64        0x1 ./Sources/SensorMeasurement.o
 *fill*         0x1fff0a65        0x3 00
 .bss.sampleCount.7199
                0x1fff0a68        0x4 ./Sources/SensorMeasurement.o
 .bss.ConfigurationEvent
                0x1fff0a6c        0x1 ./Sources/NirsConfig.o
 .bss.configParameter
                0x1fff0a6d        0x1 ./Sources/NirsConfig.o
 *fill*         0x1fff0a6e        0x2 00
 .bss.pwmIrValues
                0x1fff0a70       0x14 ./Sources/NirsConfig.o
 .bss.pwmRedValues
                0x1fff0a84       0x14 ./Sources/NirsConfig.o
 .bss.configDataLength
                0x1fff0a98        0x1 ./Sources/NirsConfig.o
 *fill*         0x1fff0a99        0x1 00
 .bss.sensorDisableSelect
                0x1fff0a9a        0x2 ./Sources/NirsConfig.o
 .bss.start_app
                0x1fff0a9c        0x1 ./Sources/Main_App.o
 .bss.start_transactions
                0x1fff0a9d        0x1 ./Sources/Main_App.o
 *fill*         0x1fff0a9e        0x2 00
 .bss.g_curr_recv_buf
                0x1fff0aa0       0x60 ./Sources/Main_App.o
 .bss.g_curr_send_buf
                0x1fff0b00       0x60 ./Sources/Main_App.o
 .bss.g_recv_size
                0x1fff0b60        0x1 ./Sources/Main_App.o
 .bss.g_send_size
                0x1fff0b61        0x1 ./Sources/Main_App.o
 .bss.MeasurementActualState
                0x1fff0b62        0x1 ./Sources/Main_App.o
                0x1fff0b62                MeasurementActualState
 .bss.MeasurementActualEvent
                0x1fff0b63        0x1 ./Sources/Main_App.o
                0x1fff0b63                MeasurementActualEvent
 .bss.MeasurementPacketId
                0x1fff0b64        0x2 ./Sources/Main_App.o
 .bss.ConfigurationActualState
                0x1fff0b66        0x1 ./Sources/Main_App.o
                0x1fff0b66                ConfigurationActualState
 .bss.status.7252
                0x1fff0b67        0x1 ./Sources/Main_App.o
 .bss.head      0x1fff0b68        0x4 C:/Freescale/CW MCU v10.5/MCU/ARM_GCC_Support/ewl/lib/armv7e-m\libc.a(alloc.o)
 .bss.heap_end.4347
                0x1fff0b6c        0x4 C:/Freescale/CW MCU v10.5/MCU/ARM_GCC_Support/ewl/lib/armv7e-m\libc.a(alloc.o)
 .bss.__stdio_exit
                0x1fff0b70        0x4 C:/Freescale/CW MCU v10.5/MCU/ARM_GCC_Support/ewl/lib/armv7e-m\libc.a(exit.o)
                0x1fff0b70                __stdio_exit
 .bss.__console_exit
                0x1fff0b74        0x4 C:/Freescale/CW MCU v10.5/MCU/ARM_GCC_Support/ewl/lib/armv7e-m\libc.a(exit.o)
                0x1fff0b74                __console_exit
 .bss.__S_romp  0x1fff0b78        0xc C:/Freescale/CW MCU v10.5/MCU/ARM_GCC_Support/ewl/lib/armv7e-m\librt.a(ROMCopy.o)
 .bss.__global_destructor_chain
                0x1fff0b84        0x4 C:/Freescale/CW MCU v10.5/MCU/ARM_GCC_Support/ewl/lib/armv7e-m\librt.a(__arm_eabi_init.o)
                0x1fff0b84                __global_destructor_chain
 *(COMMON)
 COMMON         0x1fff0b88      0x178 ./Generated_Code/usb_dci.o
                0x1fff0b88                g_dci_controller_Id
                0x1fff0b8c                USBDevDataPtr
                0x1fff0b90                pSDP
                0x1fff0b98                EPDataTDPtr
 COMMON         0x1fff0d00        0x1 ./Generated_Code/Cpu.o
                0x1fff0d00                SR_reg
 *fill*         0x1fff0d01        0x3 00
 COMMON         0x1fff0d04       0x19 ./Generated_Code/AD2.o
                0x1fff0d04                AD2_OutV
                0x1fff0d18                AdcLdd2_DeviceDataPtr
                0x1fff0d1c                AD2_EnEvent
 *fill*         0x1fff0d1d        0x3 00
 COMMON         0x1fff0d20       0x18 ./Generated_Code/AD1.o
                0x1fff0d20                AD1_OutV
                0x1fff0d34                AdcLdd1_DeviceDataPtr
 COMMON         0x1fff0d38       0x5c ./Sources/SensorMeasurement.o
                0x1fff0d38                irWaveLength
                0x1fff0d39                testComplete
                0x1fff0d3a                ad2MeasurementComplete
                0x1fff0d3c                timerHandle
                0x1fff0d40                measurementResults
                0x1fff0d7c                ad2Values
                0x1fff0d90                timerData
 COMMON         0x1fff0d94       0xc3 ./Sources/Main_App.o
                0x1fff0d94                InBuffer
                0x1fff0db4                configBuffer
                0x1fff0dd4                OutBuffer
                0x1fff0e54                OutSize
                0x1fff0e55                InSize
                0x1fff0e56                configDataFlag
                0x1fff0e58                . = ALIGN (0x4)
 *fill*         0x1fff0e57        0x1 00
                0x1fff0e58                __END_BSS = .
                0x1fff0e58                PROVIDE (__bss_end__, __END_BSS)
                0x00000000                __S_romp = 0x0

._user_heap_stack
                0x1fff0e58      0x400
                0x1fff0e58                . = ALIGN (0x4)
                0x1fff0e58                PROVIDE (end, .)
                0x1fff0e58                PROVIDE (_end, .)
                0x1fff0e58                __heap_addr = .
                0x1fff0e58                . = (. + __heap_size)
                0x1fff1258                . = (. + __stack_size)
 *fill*         0x1fff0e58      0x400 00
                0x1fff1258                . = ALIGN (0x4)

.ARM.attributes
                0x00000000       0x33
 *(.ARM.attributes)
 .ARM.attributes
                0x00000000       0x33 ./Generated_Code/usb_framework.o
 .ARM.attributes
                0x00000033       0x33 ./Generated_Code/usb_driver.o
 .ARM.attributes
                0x00000066       0x33 ./Generated_Code/usb_device.o
 .ARM.attributes
                0x00000099       0x33 ./Generated_Code/usb_descriptor.o
 .ARM.attributes
                0x000000cc       0x33 ./Generated_Code/usb_dci.o
 .ARM.attributes
                0x000000ff       0x33 ./Generated_Code/usb_class.o
 .ARM.attributes
                0x00000132       0x33 ./Generated_Code/usb_cdc_pstn.o
 .ARM.attributes
                0x00000165       0x33 ./Generated_Code/usb_cdc.o
 .ARM.attributes
                0x00000198       0x33 ./Generated_Code/Vectors.o
 .ARM.attributes
                0x000001cb       0x33 ./Generated_Code/VREF.o
 .ARM.attributes
                0x000001fe       0x33 ./Generated_Code/USB_LDD.o
 .ARM.attributes
                0x00000231       0x33 ./Generated_Code/PE_LDD.o
 .ARM.attributes
                0x00000264       0x33 ./Generated_Code/PDB0.o
 .ARM.attributes
                0x00000297       0x33 ./Generated_Code/Cpu.o
 .ARM.attributes
                0x000002ca       0x33 ./Generated_Code/BitIoLdd1.o
 .ARM.attributes
                0x000002fd       0x33 ./Generated_Code/AdcLdd2.o
 .ARM.attributes
                0x00000330       0x33 ./Generated_Code/AdcLdd1.o
 .ARM.attributes
                0x00000363       0x33 ./Generated_Code/AD2.o
 .ARM.attributes
                0x00000396       0x33 ./Generated_Code/AD1.o
 .ARM.attributes
                0x000003c9       0x33 ./Project_Settings/Startup_Code/__arm_start.o
 .ARM.attributes
                0x000003fc       0x33 ./Project_Settings/Startup_Code/__arm_end.o
 .ARM.attributes
                0x0000042f       0x33 ./Sources/Timers.o
 .ARM.attributes
                0x00000462       0x33 ./Sources/SensorMeasurement.o
 .ARM.attributes
                0x00000495       0x33 ./Sources/ProcessorExpert.o
 .ARM.attributes
                0x000004c8       0x33 ./Sources/NirsConfig.o
 .ARM.attributes
                0x000004fb       0x33 ./Sources/Main_App.o
 .ARM.attributes
                0x0000052e       0x33 ./Sources/Events.o
 .ARM.attributes
                0x00000561       0x33 C:/Freescale/CW MCU v10.5/MCU/ARM_GCC_Support/ewl/lib/armv7e-m\libc.a(alloc.o)
 .ARM.attributes
                0x00000594       0x33 C:/Freescale/CW MCU v10.5/MCU/ARM_GCC_Support/ewl/lib/armv7e-m\libc.a(exit.o)
 .ARM.attributes
                0x000005c7       0x33 C:/Freescale/CW MCU v10.5/MCU/ARM_GCC_Support/ewl/lib/armv7e-m\libc.a(memcpy.o)
 .ARM.attributes
                0x000005fa       0x33 C:/Freescale/CW MCU v10.5/MCU/ARM_GCC_Support/ewl/lib/armv7e-m\libc.a(memset.o)
 .ARM.attributes
                0x0000062d       0x33 C:/Freescale/CW MCU v10.5/MCU/ARM_GCC_Support/ewl/lib/armv7e-m\libc.a(printformat_.o)
 .ARM.attributes
                0x00000660       0x33 C:/Freescale/CW MCU v10.5/MCU/ARM_GCC_Support/ewl/lib/armv7e-m\libc.a(scanformat_.o)
 .ARM.attributes
                0x00000693       0x33 C:/Freescale/CW MCU v10.5/MCU/ARM_GCC_Support/ewl/lib/armv7e-m\libc.a(ctype_aeabi.o)
 .ARM.attributes
                0x000006c6       0x33 C:/Freescale/CW MCU v10.5/MCU/ARM_GCC_Support/ewl/lib/armv7e-m\libc.a(__strtoul.o)
 .ARM.attributes
                0x000006f9       0x33 C:/Freescale/CW MCU v10.5/MCU/ARM_GCC_Support/ewl/lib/armv7e-m\libc.a(__filll_mem.o)
 .ARM.attributes
                0x0000072c       0x33 C:/Freescale/CW MCU v10.5/MCU/ARM_GCC_Support/ewl/lib/armv7e-m\libc.a(memchr.o)
 .ARM.attributes
                0x0000075f       0x33 C:/Freescale/CW MCU v10.5/MCU/ARM_GCC_Support/ewl/lib/armv7e-m\libc.a(strchr.o)
 .ARM.attributes
                0x00000792       0x33 C:/Freescale/CW MCU v10.5/MCU/ARM_GCC_Support/ewl/lib/armv7e-m\libc.a(strlen.o)
 .ARM.attributes
                0x000007c5       0x33 C:/Freescale/CW MCU v10.5/MCU/ARM_GCC_Support/ewl/lib/armv7e-m\librt.a(gcc_ctor_dtor.o)
 .ARM.attributes
                0x000007f8       0x33 C:/Freescale/CW MCU v10.5/MCU/ARM_GCC_Support/ewl/lib/armv7e-m\librt.a(ROMCopy.o)
 .ARM.attributes
                0x0000082b       0x33 C:/Freescale/CW MCU v10.5/MCU/ARM_GCC_Support/ewl/lib/armv7e-m\librt.a(__arm_eabi_init.o)
OUTPUT(NIRs_Device.elf elf32-littlearm)

.debug_info     0x00000000     0xcd65
 .debug_info    0x00000000      0x8bf ./Generated_Code/usb_framework.o
 .debug_info    0x000008bf      0x53b ./Generated_Code/usb_driver.o
 .debug_info    0x00000dfa      0x251 ./Generated_Code/usb_device.o
 .debug_info    0x0000104b      0x86a ./Generated_Code/usb_descriptor.o
 .debug_info    0x000018b5      0xbf0 ./Generated_Code/usb_dci.o
 .debug_info    0x000024a5      0x4c8 ./Generated_Code/usb_class.o
 .debug_info    0x0000296d      0x53a ./Generated_Code/usb_cdc_pstn.o
 .debug_info    0x00002ea7      0x69d ./Generated_Code/usb_cdc.o
 .debug_info    0x00003544      0x10c ./Generated_Code/Vectors.o
 .debug_info    0x00003650      0x2c8 ./Generated_Code/VREF.o
 .debug_info    0x00003918     0x1ace ./Generated_Code/USB_LDD.o
 .debug_info    0x000053e6      0x255 ./Generated_Code/PE_LDD.o
 .debug_info    0x0000563b      0x40f ./Generated_Code/PDB0.o
 .debug_info    0x00005a4a     0x156c ./Generated_Code/Cpu.o
 .debug_info    0x00006fb6      0x392 ./Generated_Code/BitIoLdd1.o
 .debug_info    0x00007348      0xb7f ./Generated_Code/AdcLdd2.o
 .debug_info    0x00007ec7      0x930 ./Generated_Code/AdcLdd1.o
 .debug_info    0x000087f7      0x4f7 ./Generated_Code/AD2.o
 .debug_info    0x00008cee      0x3b0 ./Generated_Code/AD1.o
 .debug_info    0x0000909e      0x12a ./Project_Settings/Startup_Code/__arm_start.o
 .debug_info    0x000091c8       0x54 ./Project_Settings/Startup_Code/__arm_end.o
 .debug_info    0x0000921c      0x862 ./Sources/Timers.o
 .debug_info    0x00009a7e      0x4a9 ./Sources/SensorMeasurement.o
 .debug_info    0x00009f27       0xc3 ./Sources/ProcessorExpert.o
 .debug_info    0x00009fea      0x5dc ./Sources/NirsConfig.o
 .debug_info    0x0000a5c6      0x6a9 ./Sources/Main_App.o
 .debug_info    0x0000ac6f      0x1b9 ./Sources/Events.o
 .debug_info    0x0000ae28      0x33e C:/Freescale/CW MCU v10.5/MCU/ARM_GCC_Support/ewl/lib/armv7e-m\libc.a(alloc.o)
 .debug_info    0x0000b166       0xe8 C:/Freescale/CW MCU v10.5/MCU/ARM_GCC_Support/ewl/lib/armv7e-m\libc.a(exit.o)
 .debug_info    0x0000b24e      0x10f C:/Freescale/CW MCU v10.5/MCU/ARM_GCC_Support/ewl/lib/armv7e-m\libc.a(memcpy.o)
 .debug_info    0x0000b35d       0xec C:/Freescale/CW MCU v10.5/MCU/ARM_GCC_Support/ewl/lib/armv7e-m\libc.a(memset.o)
 .debug_info    0x0000b449      0x50e C:/Freescale/CW MCU v10.5/MCU/ARM_GCC_Support/ewl/lib/armv7e-m\libc.a(printformat_.o)
 .debug_info    0x0000b957      0x565 C:/Freescale/CW MCU v10.5/MCU/ARM_GCC_Support/ewl/lib/armv7e-m\libc.a(scanformat_.o)
 .debug_info    0x0000bebc      0x306 C:/Freescale/CW MCU v10.5/MCU/ARM_GCC_Support/ewl/lib/armv7e-m\libc.a(ctype_aeabi.o)
 .debug_info    0x0000c1c2      0x1d6 C:/Freescale/CW MCU v10.5/MCU/ARM_GCC_Support/ewl/lib/armv7e-m\libc.a(__strtoul.o)
 .debug_info    0x0000c398      0x135 C:/Freescale/CW MCU v10.5/MCU/ARM_GCC_Support/ewl/lib/armv7e-m\libc.a(__filll_mem.o)
 .debug_info    0x0000c4cd      0x120 C:/Freescale/CW MCU v10.5/MCU/ARM_GCC_Support/ewl/lib/armv7e-m\libc.a(memchr.o)
 .debug_info    0x0000c5ed      0x108 C:/Freescale/CW MCU v10.5/MCU/ARM_GCC_Support/ewl/lib/armv7e-m\libc.a(strchr.o)
 .debug_info    0x0000c6f5       0xeb C:/Freescale/CW MCU v10.5/MCU/ARM_GCC_Support/ewl/lib/armv7e-m\libc.a(strlen.o)
 .debug_info    0x0000c7e0      0x136 C:/Freescale/CW MCU v10.5/MCU/ARM_GCC_Support/ewl/lib/armv7e-m\librt.a(gcc_ctor_dtor.o)
 .debug_info    0x0000c916      0x19a C:/Freescale/CW MCU v10.5/MCU/ARM_GCC_Support/ewl/lib/armv7e-m\librt.a(ROMCopy.o)
 .debug_info    0x0000cab0      0x2b5 C:/Freescale/CW MCU v10.5/MCU/ARM_GCC_Support/ewl/lib/armv7e-m\librt.a(__arm_eabi_init.o)

.debug_abbrev   0x00000000     0x2c87
 .debug_abbrev  0x00000000      0x141 ./Generated_Code/usb_framework.o
 .debug_abbrev  0x00000141      0x137 ./Generated_Code/usb_driver.o
 .debug_abbrev  0x00000278       0xa7 ./Generated_Code/usb_device.o
 .debug_abbrev  0x0000031f       0xed ./Generated_Code/usb_descriptor.o
 .debug_abbrev  0x0000040c      0x1ef ./Generated_Code/usb_dci.o
 .debug_abbrev  0x000005fb      0x134 ./Generated_Code/usb_class.o
 .debug_abbrev  0x0000072f      0x113 ./Generated_Code/usb_cdc_pstn.o
 .debug_abbrev  0x00000842      0x164 ./Generated_Code/usb_cdc.o
 .debug_abbrev  0x000009a6       0xa3 ./Generated_Code/Vectors.o
 .debug_abbrev  0x00000a49       0xbe ./Generated_Code/VREF.o
 .debug_abbrev  0x00000b07      0x1dc ./Generated_Code/USB_LDD.o
 .debug_abbrev  0x00000ce3      0x102 ./Generated_Code/PE_LDD.o
 .debug_abbrev  0x00000de5       0xbc ./Generated_Code/PDB0.o
 .debug_abbrev  0x00000ea1      0x159 ./Generated_Code/Cpu.o
 .debug_abbrev  0x00000ffa      0x12b ./Generated_Code/BitIoLdd1.o
 .debug_abbrev  0x00001125      0x17f ./Generated_Code/AdcLdd2.o
 .debug_abbrev  0x000012a4      0x168 ./Generated_Code/AdcLdd1.o
 .debug_abbrev  0x0000140c      0x172 ./Generated_Code/AD2.o
 .debug_abbrev  0x0000157e      0x172 ./Generated_Code/AD1.o
 .debug_abbrev  0x000016f0       0x92 ./Project_Settings/Startup_Code/__arm_start.o
 .debug_abbrev  0x00001782       0x4c ./Project_Settings/Startup_Code/__arm_end.o
 .debug_abbrev  0x000017ce      0x132 ./Sources/Timers.o
 .debug_abbrev  0x00001900      0x168 ./Sources/SensorMeasurement.o
 .debug_abbrev  0x00001a68       0x6f ./Sources/ProcessorExpert.o
 .debug_abbrev  0x00001ad7      0x18e ./Sources/NirsConfig.o
 .debug_abbrev  0x00001c65      0x183 ./Sources/Main_App.o
 .debug_abbrev  0x00001de8       0xad ./Sources/Events.o
 .debug_abbrev  0x00001e95      0x18f C:/Freescale/CW MCU v10.5/MCU/ARM_GCC_Support/ewl/lib/armv7e-m\libc.a(alloc.o)
 .debug_abbrev  0x00002024       0x7a C:/Freescale/CW MCU v10.5/MCU/ARM_GCC_Support/ewl/lib/armv7e-m\libc.a(exit.o)
 .debug_abbrev  0x0000209e       0x95 C:/Freescale/CW MCU v10.5/MCU/ARM_GCC_Support/ewl/lib/armv7e-m\libc.a(memcpy.o)
 .debug_abbrev  0x00002133       0x62 C:/Freescale/CW MCU v10.5/MCU/ARM_GCC_Support/ewl/lib/armv7e-m\libc.a(memset.o)
 .debug_abbrev  0x00002195      0x200 C:/Freescale/CW MCU v10.5/MCU/ARM_GCC_Support/ewl/lib/armv7e-m\libc.a(printformat_.o)
 .debug_abbrev  0x00002395      0x1f0 C:/Freescale/CW MCU v10.5/MCU/ARM_GCC_Support/ewl/lib/armv7e-m\libc.a(scanformat_.o)
 .debug_abbrev  0x00002585       0x85 C:/Freescale/CW MCU v10.5/MCU/ARM_GCC_Support/ewl/lib/armv7e-m\libc.a(ctype_aeabi.o)
 .debug_abbrev  0x0000260a       0xc2 C:/Freescale/CW MCU v10.5/MCU/ARM_GCC_Support/ewl/lib/armv7e-m\libc.a(__strtoul.o)
 .debug_abbrev  0x000026cc       0x87 C:/Freescale/CW MCU v10.5/MCU/ARM_GCC_Support/ewl/lib/armv7e-m\libc.a(__filll_mem.o)
 .debug_abbrev  0x00002753       0x95 C:/Freescale/CW MCU v10.5/MCU/ARM_GCC_Support/ewl/lib/armv7e-m\libc.a(memchr.o)
 .debug_abbrev  0x000027e8       0x89 C:/Freescale/CW MCU v10.5/MCU/ARM_GCC_Support/ewl/lib/armv7e-m\libc.a(strchr.o)
 .debug_abbrev  0x00002871       0x7a C:/Freescale/CW MCU v10.5/MCU/ARM_GCC_Support/ewl/lib/armv7e-m\libc.a(strlen.o)
 .debug_abbrev  0x000028eb       0x99 C:/Freescale/CW MCU v10.5/MCU/ARM_GCC_Support/ewl/lib/armv7e-m\librt.a(gcc_ctor_dtor.o)
 .debug_abbrev  0x00002984      0x137 C:/Freescale/CW MCU v10.5/MCU/ARM_GCC_Support/ewl/lib/armv7e-m\librt.a(ROMCopy.o)
 .debug_abbrev  0x00002abb      0x1cc C:/Freescale/CW MCU v10.5/MCU/ARM_GCC_Support/ewl/lib/armv7e-m\librt.a(__arm_eabi_init.o)

.debug_loc      0x00000000     0x6626
 .debug_loc     0x00000000      0x348 ./Generated_Code/usb_framework.o
 .debug_loc     0x00000348      0x224 ./Generated_Code/usb_driver.o
 .debug_loc     0x0000056c      0x1c0 ./Generated_Code/usb_device.o
 .debug_loc     0x0000072c      0x2d8 ./Generated_Code/usb_descriptor.o
 .debug_loc     0x00000a04      0x4fc ./Generated_Code/usb_dci.o
 .debug_loc     0x00000f00      0x224 ./Generated_Code/usb_class.o
 .debug_loc     0x00001124      0x1c0 ./Generated_Code/usb_cdc_pstn.o
 .debug_loc     0x000012e4      0x1c0 ./Generated_Code/usb_cdc.o
 .debug_loc     0x000014a4       0x2c ./Generated_Code/VREF.o
 .debug_loc     0x000014d0      0x65a ./Generated_Code/USB_LDD.o
 .debug_loc     0x00001b2a       0x9c ./Generated_Code/PE_LDD.o
 .debug_loc     0x00001bc6       0x2c ./Generated_Code/PDB0.o
 .debug_loc     0x00001bf2     0x1428 ./Generated_Code/Cpu.o
 .debug_loc     0x0000301a      0x150 ./Generated_Code/BitIoLdd1.o
 .debug_loc     0x0000316a      0x310 ./Generated_Code/AdcLdd2.o
 .debug_loc     0x0000347a      0x268 ./Generated_Code/AdcLdd1.o
 .debug_loc     0x000036e2      0x384 ./Generated_Code/AD2.o
 .debug_loc     0x00003a66      0x214 ./Generated_Code/AD1.o
 .debug_loc     0x00003c7a       0x2c ./Project_Settings/Startup_Code/__arm_start.o
 .debug_loc     0x00003ca6       0x38 ./Project_Settings/Startup_Code/__arm_end.o
 .debug_loc     0x00003cde      0x1c4 ./Sources/Timers.o
 .debug_loc     0x00003ea2      0x120 ./Sources/SensorMeasurement.o
 .debug_loc     0x00003fc2       0x2c ./Sources/ProcessorExpert.o
 .debug_loc     0x00003fee      0x138 ./Sources/NirsConfig.o
 .debug_loc     0x00004126      0x308 ./Sources/Main_App.o
 .debug_loc     0x0000442e       0xb0 ./Sources/Events.o
 .debug_loc     0x000044de      0x2a8 C:/Freescale/CW MCU v10.5/MCU/ARM_GCC_Support/ewl/lib/armv7e-m\libc.a(alloc.o)
 .debug_loc     0x00004786       0x3e C:/Freescale/CW MCU v10.5/MCU/ARM_GCC_Support/ewl/lib/armv7e-m\libc.a(exit.o)
 .debug_loc     0x000047c4       0x59 C:/Freescale/CW MCU v10.5/MCU/ARM_GCC_Support/ewl/lib/armv7e-m\libc.a(memcpy.o)
 .debug_loc     0x0000481d       0x64 C:/Freescale/CW MCU v10.5/MCU/ARM_GCC_Support/ewl/lib/armv7e-m\libc.a(memset.o)
 .debug_loc     0x00004881      0xbdc C:/Freescale/CW MCU v10.5/MCU/ARM_GCC_Support/ewl/lib/armv7e-m\libc.a(printformat_.o)
 .debug_loc     0x0000545d      0x8b6 C:/Freescale/CW MCU v10.5/MCU/ARM_GCC_Support/ewl/lib/armv7e-m\libc.a(scanformat_.o)
 .debug_loc     0x00005d13      0x18e C:/Freescale/CW MCU v10.5/MCU/ARM_GCC_Support/ewl/lib/armv7e-m\libc.a(ctype_aeabi.o)
 .debug_loc     0x00005ea1      0x2bb C:/Freescale/CW MCU v10.5/MCU/ARM_GCC_Support/ewl/lib/armv7e-m\libc.a(__strtoul.o)
 .debug_loc     0x0000615c      0x12c C:/Freescale/CW MCU v10.5/MCU/ARM_GCC_Support/ewl/lib/armv7e-m\libc.a(__filll_mem.o)
 .debug_loc     0x00006288       0x62 C:/Freescale/CW MCU v10.5/MCU/ARM_GCC_Support/ewl/lib/armv7e-m\libc.a(memchr.o)
 .debug_loc     0x000062ea       0x7c C:/Freescale/CW MCU v10.5/MCU/ARM_GCC_Support/ewl/lib/armv7e-m\libc.a(strchr.o)
 .debug_loc     0x00006366       0x26 C:/Freescale/CW MCU v10.5/MCU/ARM_GCC_Support/ewl/lib/armv7e-m\libc.a(strlen.o)
 .debug_loc     0x0000638c       0x9d C:/Freescale/CW MCU v10.5/MCU/ARM_GCC_Support/ewl/lib/armv7e-m\librt.a(gcc_ctor_dtor.o)
 .debug_loc     0x00006429       0xb9 C:/Freescale/CW MCU v10.5/MCU/ARM_GCC_Support/ewl/lib/armv7e-m\librt.a(ROMCopy.o)
 .debug_loc     0x000064e2      0x144 C:/Freescale/CW MCU v10.5/MCU/ARM_GCC_Support/ewl/lib/armv7e-m\librt.a(__arm_eabi_init.o)

.debug_aranges  0x00000000     0x1050
 .debug_aranges
                0x00000000       0x90 ./Generated_Code/usb_framework.o
 .debug_aranges
                0x00000090       0x68 ./Generated_Code/usb_driver.o
 .debug_aranges
                0x000000f8       0x58 ./Generated_Code/usb_device.o
 .debug_aranges
                0x00000150       0x80 ./Generated_Code/usb_descriptor.o
 .debug_aranges
                0x000001d0       0xd0 ./Generated_Code/usb_dci.o
 .debug_aranges
                0x000002a0       0x68 ./Generated_Code/usb_class.o
 .debug_aranges
                0x00000308       0x58 ./Generated_Code/usb_cdc_pstn.o
 .debug_aranges
                0x00000360       0x58 ./Generated_Code/usb_cdc.o
 .debug_aranges
                0x000003b8       0x18 ./Generated_Code/Vectors.o
 .debug_aranges
                0x000003d0       0x20 ./Generated_Code/VREF.o
 .debug_aranges
                0x000003f0      0x100 ./Generated_Code/USB_LDD.o
 .debug_aranges
                0x000004f0       0x30 ./Generated_Code/PE_LDD.o
 .debug_aranges
                0x00000520       0x20 ./Generated_Code/PDB0.o
 .debug_aranges
                0x00000540      0x3c0 ./Generated_Code/Cpu.o
 .debug_aranges
                0x00000900       0x48 ./Generated_Code/BitIoLdd1.o
 .debug_aranges
                0x00000948       0x88 ./Generated_Code/AdcLdd2.o
 .debug_aranges
                0x000009d0       0x70 ./Generated_Code/AdcLdd1.o
 .debug_aranges
                0x00000a40       0xa8 ./Generated_Code/AD2.o
 .debug_aranges
                0x00000ae8       0x70 ./Generated_Code/AD1.o
 .debug_aranges
                0x00000b58       0x30 ./Project_Settings/Startup_Code/__arm_start.o
 .debug_aranges
                0x00000b88       0x20 ./Project_Settings/Startup_Code/__arm_end.o
 .debug_aranges
                0x00000ba8       0x68 ./Sources/Timers.o
 .debug_aranges
                0x00000c10       0x48 ./Sources/SensorMeasurement.o
 .debug_aranges
                0x00000c58       0x20 ./Sources/ProcessorExpert.o
 .debug_aranges
                0x00000c78       0x48 ./Sources/NirsConfig.o
 .debug_aranges
                0x00000cc0       0x98 ./Sources/Main_App.o
 .debug_aranges
                0x00000d58       0x38 ./Sources/Events.o
 .debug_aranges
                0x00000d90       0x40 C:/Freescale/CW MCU v10.5/MCU/ARM_GCC_Support/ewl/lib/armv7e-m\libc.a(alloc.o)
 .debug_aranges
                0x00000dd0       0x20 C:/Freescale/CW MCU v10.5/MCU/ARM_GCC_Support/ewl/lib/armv7e-m\libc.a(exit.o)
 .debug_aranges
                0x00000df0       0x20 C:/Freescale/CW MCU v10.5/MCU/ARM_GCC_Support/ewl/lib/armv7e-m\libc.a(memcpy.o)
 .debug_aranges
                0x00000e10       0x20 C:/Freescale/CW MCU v10.5/MCU/ARM_GCC_Support/ewl/lib/armv7e-m\libc.a(memset.o)
 .debug_aranges
                0x00000e30       0x28 C:/Freescale/CW MCU v10.5/MCU/ARM_GCC_Support/ewl/lib/armv7e-m\libc.a(printformat_.o)
 .debug_aranges
                0x00000e58       0x20 C:/Freescale/CW MCU v10.5/MCU/ARM_GCC_Support/ewl/lib/armv7e-m\libc.a(scanformat_.o)
 .debug_aranges
                0x00000e78       0x88 C:/Freescale/CW MCU v10.5/MCU/ARM_GCC_Support/ewl/lib/armv7e-m\libc.a(ctype_aeabi.o)
 .debug_aranges
                0x00000f00       0x20 C:/Freescale/CW MCU v10.5/MCU/ARM_GCC_Support/ewl/lib/armv7e-m\libc.a(__strtoul.o)
 .debug_aranges
                0x00000f20       0x20 C:/Freescale/CW MCU v10.5/MCU/ARM_GCC_Support/ewl/lib/armv7e-m\libc.a(__filll_mem.o)
 .debug_aranges
                0x00000f40       0x20 C:/Freescale/CW MCU v10.5/MCU/ARM_GCC_Support/ewl/lib/armv7e-m\libc.a(memchr.o)
 .debug_aranges
                0x00000f60       0x20 C:/Freescale/CW MCU v10.5/MCU/ARM_GCC_Support/ewl/lib/armv7e-m\libc.a(strchr.o)
 .debug_aranges
                0x00000f80       0x20 C:/Freescale/CW MCU v10.5/MCU/ARM_GCC_Support/ewl/lib/armv7e-m\libc.a(strlen.o)
 .debug_aranges
                0x00000fa0       0x28 C:/Freescale/CW MCU v10.5/MCU/ARM_GCC_Support/ewl/lib/armv7e-m\librt.a(gcc_ctor_dtor.o)
 .debug_aranges
                0x00000fc8       0x30 C:/Freescale/CW MCU v10.5/MCU/ARM_GCC_Support/ewl/lib/armv7e-m\librt.a(ROMCopy.o)
 .debug_aranges
                0x00000ff8       0x58 C:/Freescale/CW MCU v10.5/MCU/ARM_GCC_Support/ewl/lib/armv7e-m\librt.a(__arm_eabi_init.o)

.debug_macinfo  0x00000000   0x9b1847
 .debug_macinfo
                0x00000000     0x59fd ./Generated_Code/usb_framework.o
 .debug_macinfo
                0x000059fd     0x477d ./Generated_Code/usb_driver.o
 .debug_macinfo
                0x0000a17a    0x7cd23 ./Generated_Code/usb_device.o
 .debug_macinfo
                0x00086e9d     0x59a1 ./Generated_Code/usb_descriptor.o
 .debug_macinfo
                0x0008c83e    0x7d0ce ./Generated_Code/usb_dci.o
 .debug_macinfo
                0x0010990c    0x75589 ./Generated_Code/usb_class.o
 .debug_macinfo
                0x0017ee95     0x6201 ./Generated_Code/usb_cdc_pstn.o
 .debug_macinfo
                0x00185096     0x6201 ./Generated_Code/usb_cdc.o
 .debug_macinfo
                0x0018b297    0x7cbb3 ./Generated_Code/Vectors.o
 .debug_macinfo
                0x00207e4a    0x72a79 ./Generated_Code/VREF.o
 .debug_macinfo
                0x0027a8c3    0x7c2ce ./Generated_Code/USB_LDD.o
 .debug_macinfo
                0x002f6b91    0x7cb6f ./Generated_Code/PE_LDD.o
 .debug_macinfo
                0x00373700    0x72a79 ./Generated_Code/PDB0.o
 .debug_macinfo
                0x003e6179    0x7cbb7 ./Generated_Code/Cpu.o
 .debug_macinfo
                0x00462d30    0x739ff ./Generated_Code/BitIoLdd1.o
 .debug_macinfo
                0x004d672f    0x784d9 ./Generated_Code/AdcLdd2.o
 .debug_macinfo
                0x0054ec08    0x781d9 ./Generated_Code/AdcLdd1.o
 .debug_macinfo
                0x005c6de1    0x7cbe7 ./Generated_Code/AD2.o
 .debug_macinfo
                0x006439c8    0x78268 ./Generated_Code/AD1.o
 .debug_macinfo
                0x006bbc30     0x3f3e ./Project_Settings/Startup_Code/__arm_start.o
 .debug_macinfo
                0x006bfb6e     0x3527 ./Project_Settings/Startup_Code/__arm_end.o
 .debug_macinfo
                0x006c3095    0x7d1bd ./Sources/Timers.o
 .debug_macinfo
                0x00740252    0x7d12d ./Sources/SensorMeasurement.o
 .debug_macinfo
                0x007bd37f    0x7cccf ./Sources/ProcessorExpert.o
 .debug_macinfo
                0x0083a04e    0x7d58f ./Sources/NirsConfig.o
 .debug_macinfo
                0x008b75dd    0x7d12d ./Sources/Main_App.o
 .debug_macinfo
                0x0093470a    0x7d13d ./Sources/Events.o

.debug_line     0x00000000     0x82b8
 .debug_line    0x00000000      0x3b9 ./Generated_Code/usb_framework.o
 .debug_line    0x000003b9      0x2e5 ./Generated_Code/usb_driver.o
 .debug_line    0x0000069e      0x41a ./Generated_Code/usb_device.o
 .debug_line    0x00000ab8      0x336 ./Generated_Code/usb_descriptor.o
 .debug_line    0x00000dee      0x61b ./Generated_Code/usb_dci.o
 .debug_line    0x00001409      0x360 ./Generated_Code/usb_class.o
 .debug_line    0x00001769      0x2c6 ./Generated_Code/usb_cdc_pstn.o
 .debug_line    0x00001a2f      0x311 ./Generated_Code/usb_cdc.o
 .debug_line    0x00001d40      0x4bd ./Generated_Code/Vectors.o
 .debug_line    0x000021fd      0x1cb ./Generated_Code/VREF.o
 .debug_line    0x000023c8      0x69d ./Generated_Code/USB_LDD.o
 .debug_line    0x00002a65      0x3bd ./Generated_Code/PE_LDD.o
 .debug_line    0x00002e22      0x1df ./Generated_Code/PDB0.o
 .debug_line    0x00003001      0xd4f ./Generated_Code/Cpu.o
 .debug_line    0x00003d50      0x295 ./Generated_Code/BitIoLdd1.o
 .debug_line    0x00003fe5      0x3d1 ./Generated_Code/AdcLdd2.o
 .debug_line    0x000043b6      0x35e ./Generated_Code/AdcLdd1.o
 .debug_line    0x00004714      0x5d7 ./Generated_Code/AD2.o
 .debug_line    0x00004ceb      0x360 ./Generated_Code/AD1.o
 .debug_line    0x0000504b      0x297 ./Project_Settings/Startup_Code/__arm_start.o
 .debug_line    0x000052e2      0x266 ./Project_Settings/Startup_Code/__arm_end.o
 .debug_line    0x00005548      0x510 ./Sources/Timers.o
 .debug_line    0x00005a58      0x4d4 ./Sources/SensorMeasurement.o
 .debug_line    0x00005f2c      0x3e3 ./Sources/ProcessorExpert.o
 .debug_line    0x0000630f      0x541 ./Sources/NirsConfig.o
 .debug_line    0x00006850      0x5f7 ./Sources/Main_App.o
 .debug_line    0x00006e47      0x486 ./Sources/Events.o
 .debug_line    0x000072cd      0x159 C:/Freescale/CW MCU v10.5/MCU/ARM_GCC_Support/ewl/lib/armv7e-m\libc.a(alloc.o)
 .debug_line    0x00007426       0x94 C:/Freescale/CW MCU v10.5/MCU/ARM_GCC_Support/ewl/lib/armv7e-m\libc.a(exit.o)
 .debug_line    0x000074ba       0x8b C:/Freescale/CW MCU v10.5/MCU/ARM_GCC_Support/ewl/lib/armv7e-m\libc.a(memcpy.o)